Archive member included because of file (symbol)

c:/program files (x86)/gnu tools arm embedded/4.8 2014q2/bin/../lib/gcc/arm-none-eabi/4.8.4/../../../../arm-none-eabi/lib/armv7e-m\libm.a(lib_a-s_cos.o)
                              ..\obj\robot_function.o (cos)
c:/program files (x86)/gnu tools arm embedded/4.8 2014q2/bin/../lib/gcc/arm-none-eabi/4.8.4/../../../../arm-none-eabi/lib/armv7e-m\libm.a(lib_a-s_sin.o)
                              ..\obj\robot_function.o (sin)
c:/program files (x86)/gnu tools arm embedded/4.8 2014q2/bin/../lib/gcc/arm-none-eabi/4.8.4/../../../../arm-none-eabi/lib/armv7e-m\libm.a(lib_a-w_atan2.o)
                              ..\obj\my_calculation_function.o (atan2)
c:/program files (x86)/gnu tools arm embedded/4.8 2014q2/bin/../lib/gcc/arm-none-eabi/4.8.4/../../../../arm-none-eabi/lib/armv7e-m\libm.a(lib_a-w_pow.o)
                              ..\obj\my_standard_io_ver_2.o (pow)
c:/program files (x86)/gnu tools arm embedded/4.8 2014q2/bin/../lib/gcc/arm-none-eabi/4.8.4/../../../../arm-none-eabi/lib/armv7e-m\libm.a(lib_a-e_atan2.o)
                              c:/program files (x86)/gnu tools arm embedded/4.8 2014q2/bin/../lib/gcc/arm-none-eabi/4.8.4/../../../../arm-none-eabi/lib/armv7e-m\libm.a(lib_a-w_atan2.o) (__ieee754_atan2)
c:/program files (x86)/gnu tools arm embedded/4.8 2014q2/bin/../lib/gcc/arm-none-eabi/4.8.4/../../../../arm-none-eabi/lib/armv7e-m\libm.a(lib_a-e_pow.o)
                              c:/program files (x86)/gnu tools arm embedded/4.8 2014q2/bin/../lib/gcc/arm-none-eabi/4.8.4/../../../../arm-none-eabi/lib/armv7e-m\libm.a(lib_a-w_pow.o) (__ieee754_pow)
c:/program files (x86)/gnu tools arm embedded/4.8 2014q2/bin/../lib/gcc/arm-none-eabi/4.8.4/../../../../arm-none-eabi/lib/armv7e-m\libm.a(lib_a-e_rem_pio2.o)
                              c:/program files (x86)/gnu tools arm embedded/4.8 2014q2/bin/../lib/gcc/arm-none-eabi/4.8.4/../../../../arm-none-eabi/lib/armv7e-m\libm.a(lib_a-s_cos.o) (__ieee754_rem_pio2)
c:/program files (x86)/gnu tools arm embedded/4.8 2014q2/bin/../lib/gcc/arm-none-eabi/4.8.4/../../../../arm-none-eabi/lib/armv7e-m\libm.a(lib_a-e_sqrt.o)
                              c:/program files (x86)/gnu tools arm embedded/4.8 2014q2/bin/../lib/gcc/arm-none-eabi/4.8.4/../../../../arm-none-eabi/lib/armv7e-m\libm.a(lib_a-e_pow.o) (__ieee754_sqrt)
c:/program files (x86)/gnu tools arm embedded/4.8 2014q2/bin/../lib/gcc/arm-none-eabi/4.8.4/../../../../arm-none-eabi/lib/armv7e-m\libm.a(lib_a-k_cos.o)
                              c:/program files (x86)/gnu tools arm embedded/4.8 2014q2/bin/../lib/gcc/arm-none-eabi/4.8.4/../../../../arm-none-eabi/lib/armv7e-m\libm.a(lib_a-s_cos.o) (__kernel_cos)
c:/program files (x86)/gnu tools arm embedded/4.8 2014q2/bin/../lib/gcc/arm-none-eabi/4.8.4/../../../../arm-none-eabi/lib/armv7e-m\libm.a(lib_a-k_rem_pio2.o)
                              c:/program files (x86)/gnu tools arm embedded/4.8 2014q2/bin/../lib/gcc/arm-none-eabi/4.8.4/../../../../arm-none-eabi/lib/armv7e-m\libm.a(lib_a-e_rem_pio2.o) (__kernel_rem_pio2)
c:/program files (x86)/gnu tools arm embedded/4.8 2014q2/bin/../lib/gcc/arm-none-eabi/4.8.4/../../../../arm-none-eabi/lib/armv7e-m\libm.a(lib_a-k_sin.o)
                              c:/program files (x86)/gnu tools arm embedded/4.8 2014q2/bin/../lib/gcc/arm-none-eabi/4.8.4/../../../../arm-none-eabi/lib/armv7e-m\libm.a(lib_a-s_cos.o) (__kernel_sin)
c:/program files (x86)/gnu tools arm embedded/4.8 2014q2/bin/../lib/gcc/arm-none-eabi/4.8.4/../../../../arm-none-eabi/lib/armv7e-m\libm.a(lib_a-s_atan.o)
                              c:/program files (x86)/gnu tools arm embedded/4.8 2014q2/bin/../lib/gcc/arm-none-eabi/4.8.4/../../../../arm-none-eabi/lib/armv7e-m\libm.a(lib_a-e_atan2.o) (atan)
c:/program files (x86)/gnu tools arm embedded/4.8 2014q2/bin/../lib/gcc/arm-none-eabi/4.8.4/../../../../arm-none-eabi/lib/armv7e-m\libm.a(lib_a-s_fabs.o)
                              c:/program files (x86)/gnu tools arm embedded/4.8 2014q2/bin/../lib/gcc/arm-none-eabi/4.8.4/../../../../arm-none-eabi/lib/armv7e-m\libm.a(lib_a-e_atan2.o) (fabs)
c:/program files (x86)/gnu tools arm embedded/4.8 2014q2/bin/../lib/gcc/arm-none-eabi/4.8.4/../../../../arm-none-eabi/lib/armv7e-m\libm.a(lib_a-s_finite.o)
                              c:/program files (x86)/gnu tools arm embedded/4.8 2014q2/bin/../lib/gcc/arm-none-eabi/4.8.4/../../../../arm-none-eabi/lib/armv7e-m\libm.a(lib_a-w_pow.o) (finite)
c:/program files (x86)/gnu tools arm embedded/4.8 2014q2/bin/../lib/gcc/arm-none-eabi/4.8.4/../../../../arm-none-eabi/lib/armv7e-m\libm.a(lib_a-s_floor.o)
                              c:/program files (x86)/gnu tools arm embedded/4.8 2014q2/bin/../lib/gcc/arm-none-eabi/4.8.4/../../../../arm-none-eabi/lib/armv7e-m\libm.a(lib_a-k_rem_pio2.o) (floor)
c:/program files (x86)/gnu tools arm embedded/4.8 2014q2/bin/../lib/gcc/arm-none-eabi/4.8.4/../../../../arm-none-eabi/lib/armv7e-m\libm.a(lib_a-s_fpclassify.o)
[...]
Memory Configuration

Name             Origin             Length             Attributes
rom              0x08000000         0x00100000         xr
ram              0x20000000         0x00020000         xrw
ram1             0x10000000         0x00010000         xrw
*default*        0x00000000         0xffffffff

Linker script and memory map

                0x20020000                _eram = 0x20020000

.text           0x08000000     0xdfbc
 *(.isr_vector)
 .isr_vector    0x08000000      0x188 ..\obj\startup_stm32f4xx.o
                0x08000000                g_pfnVectors
 *(.text*)
 .text.USB_OTG_EnableCommonInt
                0x08000188       0x44 ..\obj\usb_core.o
 .text.USB_OTG_CoreReset
                0x080001cc       0x8c ..\obj\usb_core.o
 .text.USB_OTG_WritePacket
                0x08000258       0x70 ..\obj\usb_core.o
                0x08000258                USB_OTG_WritePacket
 .text.USB_OTG_ReadPacket
                0x080002c8       0x58 ..\obj\usb_core.o
                0x080002c8                USB_OTG_ReadPacket
 .text.USB_OTG_SelectCore
                0x08000320      0x174 ..\obj\usb_core.o
                0x08000320                USB_OTG_SelectCore
 .text.USB_OTG_CoreInit
                0x08000494      0x1dc ..\obj\usb_core.o
                0x08000494                USB_OTG_CoreInit
 .text.USB_OTG_EnableGlobalInt
                0x08000670       0x38 ..\obj\usb_core.o
                0x08000670                USB_OTG_EnableGlobalInt
 .text.USB_OTG_DisableGlobalInt
                0x080006a8       0x38 ..\obj\usb_core.o
                0x080006a8                USB_OTG_DisableGlobalInt
 .text.USB_OTG_FlushTxFifo
                0x080006e0       0x74 ..\obj\usb_core.o
                0x080006e0                USB_OTG_FlushTxFifo
 .text.USB_OTG_FlushRxFifo
                0x08000754       0x60 ..\obj\usb_core.o
                0x08000754                USB_OTG_FlushRxFifo
 .text.USB_OTG_SetCurrentMode
                0x080007b4       0x60 ..\obj\usb_core.o
                0x080007b4                USB_OTG_SetCurrentMode
 .text.USB_OTG_GetMode
                0x08000814       0x20 ..\obj\usb_core.o
                0x08000814                USB_OTG_GetMode
 .text.USB_OTG_IsDeviceMode
                0x08000834       0x24 ..\obj\usb_core.o
                0x08000834                USB_OTG_IsDeviceMode
 .text.USB_OTG_ReadCoreItr
                0x08000858       0x30 ..\obj\usb_core.o
                0x08000858                USB_OTG_ReadCoreItr
 .text.USB_OTG_InitDevSpeed
                0x08000888       0x38 ..\obj\usb_core.o
                0x08000888                USB_OTG_InitDevSpeed
 .text.USB_OTG_CoreInitDev
                0x080008c0      0x27c ..\obj\usb_core.o
                0x080008c0                USB_OTG_CoreInitDev
 .text.USB_OTG_EnableDevInt
                0x08000b3c       0x98 ..\obj\usb_core.o
                0x08000b3c                USB_OTG_EnableDevInt
 .text.USB_OTG_GetDeviceSpeed
                0x08000bd4       0x48 ..\obj\usb_core.o
                0x08000bd4                USB_OTG_GetDeviceSpeed
 .text.USB_OTG_EP0Activate
                0x08000c1c       0x78 ..\obj\usb_core.o
                0x08000c1c                USB_OTG_EP0Activate
 .text.USB_OTG_EPActivate
                0x08000c94       0xdc ..\obj\usb_core.o
                0x08000c94                USB_OTG_EPActivate
 .text.USB_OTG_EPDeactivate
                0x08000d70       0x8c ..\obj\usb_core.o
                0x08000d70                USB_OTG_EPDeactivate
 .text.USB_OTG_EPStartXfer
                0x08000dfc      0x280 ..\obj\usb_core.o
                0x08000dfc                USB_OTG_EPStartXfer
 .text.USB_OTG_EP0StartXfer
                0x0800107c      0x1d4 ..\obj\usb_core.o
                0x0800107c                USB_OTG_EP0StartXfer
 .text.USB_OTG_EPSetStall
                0x08001250       0x88 ..\obj\usb_core.o
                0x08001250                USB_OTG_EPSetStall
 .text.USB_OTG_EPClearStall
                0x080012d8       0x78 ..\obj\usb_core.o
                0x080012d8                USB_OTG_EPClearStall
 .text.USB_OTG_ReadDevAllOutEp_itr
                0x08001350       0x2c ..\obj\usb_core.o
                0x08001350                USB_OTG_ReadDevAllOutEp_itr
 .text.USB_OTG_ReadDevOutEP_itr
                0x0800137c       0x38 ..\obj\usb_core.o
                0x0800137c                USB_OTG_ReadDevOutEP_itr
 .text.USB_OTG_ReadDevAllInEPItr
                0x080013b4       0x2c ..\obj\usb_core.o
                0x080013b4                USB_OTG_ReadDevAllInEPItr
 .text.USB_OTG_EP0_OutStart
                0x080013e0       0x70 ..\obj\usb_core.o
                0x080013e0                USB_OTG_EP0_OutStart
 .text.USB_OTG_UngateClock
                0x08001450       0x54 ..\obj\usb_core.o
                0x08001450                USB_OTG_UngateClock
 .text.USBD_USR_Init
                0x080014a4        0xc ..\obj\usbd_usr.o
                0x080014a4                USBD_USR_Init
 .text.USBD_USR_DeviceReset
                0x080014b0       0x28 ..\obj\usbd_usr.o
                0x080014b0                USBD_USR_DeviceReset
 .text.USBD_USR_DeviceConfigured
                0x080014d8        0xc ..\obj\usbd_usr.o
                0x080014d8                USBD_USR_DeviceConfigured
 .text.USBD_USR_DeviceConnected
                0x080014e4        0xc ..\obj\usbd_usr.o
                0x080014e4                USBD_USR_DeviceConnected
 .text.USBD_USR_DeviceDisconnected
                0x080014f0        0xc ..\obj\usbd_usr.o
                0x080014f0                USBD_USR_DeviceDisconnected
 .text.USBD_USR_DeviceSuspended
                0x080014fc        0xc ..\obj\usbd_usr.o
                0x080014fc                USBD_USR_DeviceSuspended
 .text.USBD_USR_DeviceResumed
                0x08001508        0xc ..\obj\usbd_usr.o
                0x08001508                USBD_USR_DeviceResumed
 .text.USART_SendData
                0x08001514       0x24 ..\obj\stm32f4xx_usart.o
                0x08001514                USART_SendData
 .text.USART_ReceiveData
                0x08001538       0x20 ..\obj\stm32f4xx_usart.o
                0x08001538                USART_ReceiveData
 .text.USART_GetFlagStatus
                0x08001558       0x38 ..\obj\stm32f4xx_usart.o
                0x08001558                USART_GetFlagStatus
 .text.Default_Reset_Handler
                0x08001590       0x5c ..\obj\startup_stm32f4xx.o
                0x08001590                Default_Reset_Handler
                0x08001590                Reset_Handler
 .text.Default_Handler
                0x080015ec        0x8 ..\obj\startup_stm32f4xx.o
                0x080015ec                RTC_Alarm_IRQHandler
                0x080015ec                HASH_RNG_IRQHandler
                0x080015ec                EXTI2_IRQHandler
                0x080015ec                TIM8_CC_IRQHandler
                0x080015ec                TIM1_CC_IRQHandler
                0x080015ec                DMA2_Stream5_IRQHandler
                0x080015ec                DMA1_Stream5_IRQHandler
                0x080015ec                PVD_IRQHandler
                0x080015ec                SDIO_IRQHandler
                0x080015ec                TAMP_STAMP_IRQHandler
                0x080015ec                CAN2_RX1_IRQHandler
                0x080015ec                EXTI3_IRQHandler
                0x080015ec                TIM8_TRG_COM_TIM14_IRQHandler
                0x080015ec                TIM1_UP_TIM10_IRQHandler
                0x080015ec                I2C3_ER_IRQHandler
                0x080015ec                EXTI0_IRQHandler
                0x080015ec                I2C2_EV_IRQHandler
                0x080015ec                DMA1_Stream2_IRQHandler
                0x080015ec                CAN1_RX0_IRQHandler
                0x080015ec                FPU_IRQHandler
                0x080015ec                OTG_HS_WKUP_IRQHandler
                0x080015ec                CAN2_SCE_IRQHandler
                0x080015ec                DMA2_Stream2_IRQHandler
                0x080015ec                SPI1_IRQHandler
                0x080015ec                TIM6_DAC_IRQHandler
                0x080015ec                TIM1_BRK_TIM9_IRQHandler
                0x080015ec                DCMI_IRQHandler
                0x080015ec                CAN2_RX0_IRQHandler
                0x080015ec                DMA2_Stream3_IRQHandler
                0x080015ec                USART6_IRQHandler
                0x080015ec                USART3_IRQHandler
                0x080015ec                CRYP_IRQHandler
                0x080015ec                CAN1_RX1_IRQHandler
                0x080015ec                UART5_IRQHandler
                0x080015ec                DMA2_Stream0_IRQHandler
                0x080015ec                I2C1_EV_IRQHandler
                0x080015ec                DMA1_Stream6_IRQHandler
                0x080015ec                DMA1_Stream1_IRQHandler
                0x080015ec                UART4_IRQHandler
                0x080015ec                RCC_IRQHandler
                0x080015ec                TIM8_BRK_TIM12_IRQHandler
                0x080015ec                EXTI15_10_IRQHandler
                0x080015ec                ADC_IRQHandler
                0x080015ec                DMA1_Stream7_IRQHandler
                0x080015ec                TIM7_IRQHandler
                0x080015ec                CAN2_TX_IRQHandler
                0x080015ec                DMA2_Stream7_IRQHandler
                0x080015ec                I2C3_EV_IRQHandler
                0x080015ec                EXTI9_5_IRQHandler
                0x080015ec                RTC_WKUP_IRQHandler
                0x080015ec                ETH_WKUP_IRQHandler
                0x080015ec                SPI2_IRQHandler
                0x080015ec                OTG_HS_EP1_IN_IRQHandler
                0x080015ec                DMA1_Stream0_IRQHandler
                0x080015ec                CAN1_TX_IRQHandler
                0x080015ec                EXTI4_IRQHandler
                0x080015ec                FSMC_IRQHandler
                0x080015ec                ETH_IRQHandler
                0x080015ec                OTG_HS_EP1_OUT_IRQHandler
                0x080015ec                WWDG_IRQHandler
                0x080015ec                TIM2_IRQHandler
                0x080015ec                TIM1_TRG_COM_TIM11_IRQHandler
                0x080015ec                OTG_HS_IRQHandler
                0x080015ec                EXTI1_IRQHandler
                0x080015ec                I2C2_ER_IRQHandler
                0x080015ec                DMA2_Stream1_IRQHandler
                0x080015ec                CAN1_SCE_IRQHandler
                0x080015ec                FLASH_IRQHandler
                0x080015ec                DMA2_Stream4_IRQHandler
                0x080015ec                USART1_IRQHandler
                0x080015ec                SPI3_IRQHandler
                0x080015ec                DMA1_Stream4_IRQHandler
                0x080015ec                I2C1_ER_IRQHandler
                0x080015ec                DMA2_Stream6_IRQHandler
                0x080015ec                DMA1_Stream3_IRQHandler
 .text.USBD_Init
                0x080015f4       0x54 ..\obj\usbd_core.o
                0x080015f4                USBD_Init
 .text.USBD_DeInit
                0x08001648       0x18 ..\obj\usbd_core.o
                0x08001648                USBD_DeInit
 .text.USBD_SetupStage
                0x08001660       0x6c ..\obj\usbd_core.o
 .text.USBD_DataOutStage
                0x080016cc       0xd0 ..\obj\usbd_core.o
 .text.USBD_DataInStage
                0x0800179c      0x104 ..\obj\usbd_core.o
 .text.USBD_Reset
                0x080018a0       0x44 ..\obj\usbd_core.o
 .text.USBD_Resume
                0x080018e4       0x24 ..\obj\usbd_core.o
 .text.USBD_Suspend
                0x08001908       0x24 ..\obj\usbd_core.o
 .text.USBD_SOF
                0x0800192c       0x2c ..\obj\usbd_core.o
 .text.USBD_SetCfg
                0x08001958       0x30 ..\obj\usbd_core.o
                0x08001958                USBD_SetCfg
 .text.USBD_ClrCfg
                0x08001988       0x28 ..\obj\usbd_core.o
                0x08001988                USBD_ClrCfg
 .text.USBD_IsoINIncomplete
                0x080019b0       0x20 ..\obj\usbd_core.o
 .text.USBD_IsoOUTIncomplete
                0x080019d0       0x20 ..\obj\usbd_core.o
 .text.SysTick_Handler
                0x080019f0       0x10 ..\obj\main.o
                0x080019f0                SysTick_Handler
 .text.USART2_Put_c
                0x08001a00       0x30 ..\obj\main.o
                0x08001a00                USART2_Put_c
 .text.USART2_IRQHandler
                0x08001a30       0x3c ..\obj\main.o
                0x08001a30                USART2_IRQHandler
 .text.TIM3_IRQHandler
                0x08001a6c       0x44 ..\obj\main.o
                0x08001a6c                TIM3_IRQHandler
 .text.TIM4_IRQHandler
                0x08001ab0       0x3c ..\obj\main.o
                0x08001ab0                TIM4_IRQHandler
 .text.TIM5_IRQHandler
                0x08001aec       0x3c ..\obj\main.o
                0x08001aec                TIM5_IRQHandler
 .text.TIM8_UP_TIM13_IRQHandler
                0x08001b28       0x3c ..\obj\main.o
                0x08001b28                TIM8_UP_TIM13_IRQHandler
 .text.Init_system
                0x08001b64       0xbc ..\obj\main.o
                0x08001b64                Init_system
 .text.main     0x08001c20      0x438 ..\obj\main.o
                0x08001c20                main
 .text.Init_motor_port
                0x08002058       0x40 ..\obj\main.o
                0x08002058                Init_motor_port
 .text.Motor_pin
                0x08002098       0xb8 ..\obj\main.o
                0x08002098                Motor_pin
 .text.Motor_move
                0x08002150      0x1c8 ..\obj\main.o
                0x08002150                Motor_move
 .text.ADC3_DMA_Config
                0x08002318      0x10c ..\obj\main.o
                0x08002318                ADC3_DMA_Config
 .text.RCC_AHB1PeriphClockCmd
                0x08002424       0x3c ..\obj\stm32f4xx_rcc.o
                0x08002424                RCC_AHB1PeriphClockCmd
 .text.RCC_AHB2PeriphClockCmd
                0x08002460       0x3c ..\obj\stm32f4xx_rcc.o
                0x08002460                RCC_AHB2PeriphClockCmd
 .text.RCC_APB1PeriphClockCmd
                0x0800249c       0x3c ..\obj\stm32f4xx_rcc.o
                0x0800249c                RCC_APB1PeriphClockCmd
 .text.RCC_APB2PeriphClockCmd
                0x080024d8       0x3c ..\obj\stm32f4xx_rcc.o
                0x080024d8                RCC_APB2PeriphClockCmd
 .text.RCC_APB1PeriphResetCmd
                0x08002514       0x3c ..\obj\stm32f4xx_rcc.o
                0x08002514                RCC_APB1PeriphResetCmd
 .text.ADC_Init
                0x08002550       0xa8 ..\obj\stm32f4xx_adc.o
                0x08002550                ADC_Init
 .text.ADC_CommonInit
                0x080025f8       0x50 ..\obj\stm32f4xx_adc.o
                0x080025f8                ADC_CommonInit
 .text.ADC_Cmd  0x08002648       0x38 ..\obj\stm32f4xx_adc.o
                0x08002648                ADC_Cmd
 .text.ADC_RegularChannelConfig
                0x08002680      0x188 ..\obj\stm32f4xx_adc.o
                0x08002680                ADC_RegularChannelConfig
 .text.ADC_SoftwareStartConv
                0x08002808       0x20 ..\obj\stm32f4xx_adc.o
                0x08002808                ADC_SoftwareStartConv
 .text.ADC_DMACmd
                0x08002828       0x38 ..\obj\stm32f4xx_adc.o
                0x08002828                ADC_DMACmd
 .text.ADC_DMARequestAfterLastTransferCmd
                0x08002860       0x38 ..\obj\stm32f4xx_adc.o
                0x08002860                ADC_DMARequestAfterLastTransferCmd
 .text.UB_SPI1_Init
                0x08002898      0x188 ..\obj\stm32_ub_spi1.o
                0x08002898                UB_SPI1_Init
 .text.UB_SPI1_SendByte
                0x08002a20       0x54 ..\obj\stm32_ub_spi1.o
                0x08002a20                UB_SPI1_SendByte
 *fill*         0x08002a74        0x4 
 .text.Test_run
                0x08002a78      0x468 ..\obj\SRC_route.o
                0x08002a78                Test_run
 .text.Course1_run
                0x08002ee0      0x200 ..\obj\SRC_route.o
                0x08002ee0                Course1_run
 .text.Course2_run
                0x080030e0      0x340 ..\obj\SRC_route.o
                0x080030e0                Course2_run
 .text.Course3_run
                0x08003420      0x248 ..\obj\SRC_route.o
                0x08003420                Course3_run
 .text.Course4_run
                0x08003668      0x5b8 ..\obj\SRC_route.o
                0x08003668                Course4_run
 .text.Course5_run
                0x08003c20      0x310 ..\obj\SRC_route.o
                0x08003c20                Course5_run
 .text.Course6_run
                0x08003f30      0x3e0 ..\obj\SRC_route.o
                0x08003f30                Course6_run
 .text.Course_run
                0x08004310      0x188 ..\obj\SRC_route.o
                0x08004310                Course_run
 .text.USBD_USR_DeviceDescriptor
                0x08004498       0x24 ..\obj\usbd_desc.o
                0x08004498                USBD_USR_DeviceDescriptor
 .text.USBD_USR_LangIDStrDescriptor
                0x080044bc       0x24 ..\obj\usbd_desc.o
                0x080044bc                USBD_USR_LangIDStrDescriptor
 .text.USBD_USR_ProductStrDescriptor
                0x080044e0       0x40 ..\obj\usbd_desc.o
                0x080044e0                USBD_USR_ProductStrDescriptor
 .text.USBD_USR_ManufacturerStrDescriptor
                0x08004520       0x28 ..\obj\usbd_desc.o
                0x08004520                USBD_USR_ManufacturerStrDescriptor
 .text.USBD_USR_SerialStrDescriptor
                0x08004548       0x40 ..\obj\usbd_desc.o
                0x08004548                USBD_USR_SerialStrDescriptor
 .text.USBD_USR_ConfigStrDescriptor
                0x08004588       0x3c ..\obj\usbd_desc.o
                0x08004588                USBD_USR_ConfigStrDescriptor
 .text.USBD_USR_InterfaceStrDescriptor
                0x080045c4       0x3c ..\obj\usbd_desc.o
                0x080045c4                USBD_USR_InterfaceStrDescriptor
 .text.Put_c    0x08004600       0x1c ..\obj\my_standard_io_ver_2.o
                0x08004600                Put_c
 *fill*         0x0800461c        0x4 
 .text.Put_i    0x08004620       0xe0 ..\obj\my_standard_io_ver_2.o
                0x08004620                Put_i
 .text.Put_si   0x08004700       0x34 ..\obj\my_standard_io_ver_2.o
                0x08004700                Put_si
 .text.Put_st   0x08004734       0x40 ..\obj\my_standard_io_ver_2.o
                0x08004734                Put_st
 .text.Put_enter
                0x08004774       0x1c ..\obj\my_standard_io_ver_2.o
                0x08004774                Put_enter
 .text.I_print  0x08004790       0x30 ..\obj\my_standard_io_ver_2.o
                0x08004790                I_print
 .text.Enc_distance
                0x080047c0       0x88 ..\obj\my_robot_config.o
                0x080047c0                Enc_distance
 .text.Usb_error_do
                0x08004848        0xc ..\obj\usb_communication.o
                0x08004848                Usb_error_do
 .text.Usb_put_char
                0x08004854       0x18 ..\obj\usb_communication.o
                0x08004854                Usb_put_char
 .text.Init_usb
                0x0800486c       0x2c ..\obj\usb_communication.o
                0x0800486c                Init_usb
 .text.NMI_Handler
                0x08004898        0xc ..\obj\usb_communication.o
                0x08004898                NMI_Handler
 .text.HardFault_Handler
                0x080048a4        0xc ..\obj\usb_communication.o
                0x080048a4                HardFault_Handler
 .text.MemManage_Handler
                0x080048b0        0xc ..\obj\usb_communication.o
                0x080048b0                MemManage_Handler
 .text.BusFault_Handler
                0x080048bc        0xc ..\obj\usb_communication.o
                0x080048bc                BusFault_Handler
 .text.UsageFault_Handler
                0x080048c8        0xc ..\obj\usb_communication.o
                0x080048c8                UsageFault_Handler
 .text.SVC_Handler
                0x080048d4        0xc ..\obj\usb_communication.o
                0x080048d4                SVC_Handler
 .text.DebugMon_Handler
                0x080048e0        0xc ..\obj\usb_communication.o
                0x080048e0                DebugMon_Handler
 .text.PendSV_Handler
                0x080048ec        0xc ..\obj\usb_communication.o
                0x080048ec                PendSV_Handler
 .text.OTG_FS_IRQHandler
                0x080048f8       0x10 ..\obj\usb_communication.o
                0x080048f8                OTG_FS_IRQHandler
 .text.OTG_FS_WKUP_IRQHandler
                0x08004908       0x2c ..\obj\usb_communication.o
                0x08004908                OTG_FS_WKUP_IRQHandler
 .text.GPIO_Init
                0x08004934      0x11c ..\obj\stm32f4xx_gpio.o
                0x08004934                GPIO_Init
 .text.GPIO_StructInit
                0x08004a50       0x34 ..\obj\stm32f4xx_gpio.o
                0x08004a50                GPIO_StructInit
 .text.GPIO_SetBits
                0x08004a84       0x1c ..\obj\stm32f4xx_gpio.o
                0x08004a84                GPIO_SetBits
 .text.GPIO_ResetBits
                0x08004aa0       0x1c ..\obj\stm32f4xx_gpio.o
                0x08004aa0                GPIO_ResetBits
 .text.GPIO_PinAFConfig
                0x08004abc       0x8c ..\obj\stm32f4xx_gpio.o
                0x08004abc                GPIO_PinAFConfig
 .text.VCP_Init
                0x08004b48       0x10 ..\obj\usbd_cdc_vcp.o
 .text.VCP_DeInit
                0x08004b58       0x10 ..\obj\usbd_cdc_vcp.o
 .text.VCP_Ctrl
                0x08004b68      0x110 ..\obj\usbd_cdc_vcp.o
 .text.VCP_put_char
                0x08004c78       0x1c ..\obj\usbd_cdc_vcp.o
                0x08004c78                VCP_put_char
 .text.VCP_DataTx
                0x08004c94       0x60 ..\obj\usbd_cdc_vcp.o
 .text.VCP_DataRx
                0x08004cf4       0x70 ..\obj\usbd_cdc_vcp.o
 .text.Interrput_timer
                0x08004d64       0x20 ..\obj\my_time.o
                0x08004d64                Interrput_timer
 .text.Time_data
                0x08004d84       0x78 ..\obj\my_time.o
                0x08004d84                Time_data
 .text.Read_time
                0x08004dfc       0x20 ..\obj\my_time.o
                0x08004dfc                Read_time
 .text.Write_time
                0x08004e1c       0x1c ..\obj\my_time.o
                0x08004e1c                Write_time
 .text.Elapsed_time
                0x08004e38       0x50 ..\obj\my_time.o
                0x08004e38                Elapsed_time
 .text.Delay_ms
                0x08004e88       0x3c ..\obj\my_time.o
                0x08004e88                Delay_ms
 .text.Chack_timer
                0x08004ec4       0x30 ..\obj\my_time.o
                0x08004ec4                Chack_timer
 .text.Main_roop_flag
                0x08004ef4       0x2c ..\obj\my_time.o
                0x08004ef4                Main_roop_flag
 .text.SystemInit
                0x08004f20       0x58 ..\obj\system_stm32f4xx.o
                0x08004f20                SystemInit
 .text.SystemCoreClockUpdate
                0x08004f78       0xf8 ..\obj\system_stm32f4xx.o
                0x08004f78                SystemCoreClockUpdate
 .text.SetSysClock
                0x08005070       0xf4 ..\obj\system_stm32f4xx.o
 .text.DMA_Init
                0x08005164       0xac ..\obj\stm32f4xx_dma.o
                0x08005164                DMA_Init
 .text.DMA_Cmd  0x08005210       0x38 ..\obj\stm32f4xx_dma.o
                0x08005210                DMA_Cmd
 .text.USB_OTG_BSP_Init
                0x08005248       0xb0 ..\obj\usb_bsp.o
                0x08005248                USB_OTG_BSP_Init
 .text.USB_OTG_BSP_EnableInterrupt
                0x080052f8       0x30 ..\obj\usb_bsp.o
                0x080052f8                USB_OTG_BSP_EnableInterrupt
 .text.USB_OTG_BSP_uDelay
                0x08005328       0x48 ..\obj\usb_bsp.o
                0x08005328                USB_OTG_BSP_uDelay
 .text.USB_OTG_BSP_mDelay
                0x08005370       0x20 ..\obj\usb_bsp.o
                0x08005370                USB_OTG_BSP_mDelay
 .text.USBD_StdDevReq
                0x08005390       0xa0 ..\obj\usbd_req.o
                0x08005390                USBD_StdDevReq
 .text.USBD_StdItfReq
                0x08005430       0x68 ..\obj\usbd_req.o
                0x08005430                USBD_StdItfReq
 .text.USBD_StdEPReq
                0x08005498      0x1b0 ..\obj\usbd_req.o
                0x08005498                USBD_StdEPReq
 .text.USBD_GetDescriptor
                0x08005648      0x1b8 ..\obj\usbd_req.o
 .text.USBD_SetAddress
                0x08005800       0x7c ..\obj\usbd_req.o
 .text.USBD_SetConfig
                0x0800587c       0xf4 ..\obj\usbd_req.o
 .text.USBD_GetConfig
                0x08005970       0x60 ..\obj\usbd_req.o
 .text.USBD_GetStatus
                0x080059d0       0x50 ..\obj\usbd_req.o
 .text.USBD_SetFeature
                0x08005a20       0xcc ..\obj\usbd_req.o
 .text.USBD_ClrFeature
                0x08005aec       0x50 ..\obj\usbd_req.o
 .text.USBD_ParseSetupRequest
                0x08005b3c       0x8c ..\obj\usbd_req.o
                0x08005b3c                USBD_ParseSetupRequest
 .text.USBD_CtlError
                0x08005bc8       0x48 ..\obj\usbd_req.o
                0x08005bc8                USBD_CtlError
 .text.USBD_GetString
                0x08005c10       0x7c ..\obj\usbd_req.o
                0x08005c10                USBD_GetString
 .text.USBD_GetLen
                0x08005c8c       0x30 ..\obj\usbd_req.o
 .text.USBD_OTG_ISR_Handler
                0x08005cbc      0x15c ..\obj\usb_dcd_int.o
                0x08005cbc                USBD_OTG_ISR_Handler
 .text.DCD_HandleResume_ISR
                0x08005e18       0x80 ..\obj\usb_dcd_int.o
 .text.DCD_HandleUSBSuspend_ISR
                0x08005e98       0x9c ..\obj\usb_dcd_int.o
 .text.DCD_HandleInEP_ISR
                0x08005f34      0x1ec ..\obj\usb_dcd_int.o
 .text.DCD_HandleOutEP_ISR
                0x08006120      0x178 ..\obj\usb_dcd_int.o
 .text.DCD_HandleSof_ISR
                0x08006298       0x34 ..\obj\usb_dcd_int.o
 .text.DCD_HandleRxStatusQueueLevel_ISR
                0x080062cc      0x104 ..\obj\usb_dcd_int.o
 .text.DCD_WriteEmptyTxFifo
                0x080063d0       0xe4 ..\obj\usb_dcd_int.o
 .text.DCD_HandleUsbReset_ISR
                0x080064b4      0x144 ..\obj\usb_dcd_int.o
 .text.DCD_HandleEnumDone_ISR
                0x080065f8       0x78 ..\obj\usb_dcd_int.o
 .text.DCD_IsoINIncomplete_ISR
                0x08006670       0x34 ..\obj\usb_dcd_int.o
 .text.DCD_IsoOUTIncomplete_ISR
                0x080066a4       0x34 ..\obj\usb_dcd_int.o
 .text.DCD_ReadDevInEP
                0x080066d8       0x50 ..\obj\usb_dcd_int.o
 .text.usbd_cdc_Init
                0x08006728       0x88 ..\obj\usbd_cdc_core.o
 .text.usbd_cdc_DeInit
                0x080067b0       0x38 ..\obj\usbd_cdc_core.o
 .text.usbd_cdc_Setup
                0x080067e8      0x120 ..\obj\usbd_cdc_core.o
 .text.usbd_cdc_EP0_RxReady
                0x08006908       0x44 ..\obj\usbd_cdc_core.o
 .text.usbd_cdc_DataIn
                0x0800694c       0xc0 ..\obj\usbd_cdc_core.o
 .text.usbd_cdc_DataOut
                0x08006a0c       0x54 ..\obj\usbd_cdc_core.o
 .text.usbd_cdc_SOF
                0x08006a60       0x30 ..\obj\usbd_cdc_core.o
 .text.Handle_USBAsynchXfer
                0x08006a90      0x100 ..\obj\usbd_cdc_core.o
 .text.USBD_cdc_GetCfgDesc
                0x08006b90       0x24 ..\obj\usbd_cdc_core.o
 .text.NVIC_SetPriority
                0x08006bb4       0x54 ..\obj\init_system_stm32f4.o
 .text.SysTick_Config
                0x08006c08       0x44 ..\obj\init_system_stm32f4.o
 .text.RCC_PeriphClock_GPIO
                0x08006c4c      0x100 ..\obj\init_system_stm32f4.o
                0x08006c4c                RCC_PeriphClock_GPIO
 .text.RCC_PeriphClock_TIM
                0x08006d4c      0x1b0 ..\obj\init_system_stm32f4.o
                0x08006d4c                RCC_PeriphClock_TIM
 .text.NVIC_Configuration
                0x08006efc       0x2c ..\obj\init_system_stm32f4.o
                0x08006efc                NVIC_Configuration
 .text.NVIC_config_TIM
                0x08006f28       0xc8 ..\obj\init_system_stm32f4.o
                0x08006f28                NVIC_config_TIM
 .text.Init_af_port
                0x08006ff0       0xa0 ..\obj\init_system_stm32f4.o
                0x08006ff0                Init_af_port
 .text.Init_an_port
                0x08007090       0x6c ..\obj\init_system_stm32f4.o
                0x08007090                Init_an_port
 .text.Pin_select_source
                0x080070fc       0xec ..\obj\init_system_stm32f4.o
                0x080070fc                Pin_select_source
 .text.Tim_select_port
                0x080071e8      0x1c0 ..\obj\init_system_stm32f4.o
                0x080071e8                Tim_select_port
 .text.Tim_select_pin
                0x080073a8      0x1c4 ..\obj\init_system_stm32f4.o
                0x080073a8                Tim_select_pin
 .text.Tim_select_af
                0x0800756c       0xb8 ..\obj\init_system_stm32f4.o
                0x0800756c                Tim_select_af
 .text.Init_systick
                0x08007624       0x3c ..\obj\init_system_stm32f4.o
                0x08007624                Init_systick
 .text.Init_io_port
                0x08007660       0x6c ..\obj\init_system_stm32f4.o
                0x08007660                Init_io_port
 .text.Init_encoder
                0x080076cc       0xc4 ..\obj\init_system_stm32f4.o
                0x080076cc                Init_encoder
 .text.Init_pwm
                0x08007790      0x128 ..\obj\init_system_stm32f4.o
                0x08007790                Init_pwm
 .text.Tim_pulse_set
                0x080078b8       0xa8 ..\obj\init_system_stm32f4.o
                0x080078b8                Tim_pulse_set
 .text.SPI_Init
                0x08007960       0x88 ..\obj\stm32f4xx_spi.o
                0x08007960                SPI_Init
 .text.SPI_Cmd  0x080079e8       0x40 ..\obj\stm32f4xx_spi.o
                0x080079e8                SPI_Cmd
 .text.SPI_I2S_ReceiveData
                0x08007a28       0x1c ..\obj\stm32f4xx_spi.o
                0x08007a28                SPI_I2S_ReceiveData
 .text.SPI_I2S_SendData
                0x08007a44       0x1c ..\obj\stm32f4xx_spi.o
                0x08007a44                SPI_I2S_SendData
 .text.SPI_I2S_GetFlagStatus
                0x08007a60       0x38 ..\obj\stm32f4xx_spi.o
                0x08007a60                SPI_I2S_GetFlagStatus
 .text.EXTI_ClearITPendingBit
                0x08007a98       0x1c ..\obj\stm32f4xx_exti.o
                0x08007a98                EXTI_ClearITPendingBit
 .text.NVIC_PriorityGroupConfig
                0x08007ab4       0x24 ..\obj\misc.o
                0x08007ab4                NVIC_PriorityGroupConfig
 .text.NVIC_Init
                0x08007ad8       0xbc ..\obj\misc.o
                0x08007ad8                NVIC_Init
 .text.DCD_Init
                0x08007b94      0x100 ..\obj\usb_dcd.o
                0x08007b94                DCD_Init
 .text.DCD_EP_Open
                0x08007c94       0x9c ..\obj\usb_dcd.o
                0x08007c94                DCD_EP_Open
 .text.DCD_EP_Close
                0x08007d30       0x70 ..\obj\usb_dcd.o
                0x08007d30                DCD_EP_Close
 .text.DCD_EP_PrepareRx
                0x08007da0       0x80 ..\obj\usb_dcd.o
                0x08007da0                DCD_EP_PrepareRx
 .text.DCD_EP_Tx
                0x08007e20       0x78 ..\obj\usb_dcd.o
                0x08007e20                DCD_EP_Tx
 .text.DCD_EP_Stall
                0x08007e98       0x74 ..\obj\usb_dcd.o
                0x08007e98                DCD_EP_Stall
 .text.DCD_EP_ClrStall
                0x08007f0c       0x74 ..\obj\usb_dcd.o
                0x08007f0c                DCD_EP_ClrStall
 .text.DCD_EP_SetAddress
                0x08007f80       0x3c ..\obj\usb_dcd.o
                0x08007f80                DCD_EP_SetAddress
 .text.USBD_CtlSendData
                0x08007fbc       0x40 ..\obj\usbd_ioreq.o
                0x08007fbc                USBD_CtlSendData
 .text.USBD_CtlContinueSendData
                0x08007ffc       0x28 ..\obj\usbd_ioreq.o
                0x08007ffc                USBD_CtlContinueSendData
 .text.USBD_CtlPrepareRx
                0x08008024       0x40 ..\obj\usbd_ioreq.o
                0x08008024                USBD_CtlPrepareRx
 .text.USBD_CtlContinueRx
                0x08008064       0x28 ..\obj\usbd_ioreq.o
                0x08008064                USBD_CtlContinueRx
 .text.USBD_CtlSendStatus
                0x0800808c       0x30 ..\obj\usbd_ioreq.o
                0x0800808c                USBD_CtlSendStatus
 .text.USBD_CtlReceiveStatus
                0x080080bc       0x30 ..\obj\usbd_ioreq.o
                0x080080bc                USBD_CtlReceiveStatus
 .text.Angle_fixing
                0x080080ec       0xf4 ..\obj\robot_function.o
                0x080080ec                Angle_fixing
 .text.Distance_fixing
                0x080081e0       0xd4 ..\obj\robot_function.o
                0x080081e0                Distance_fixing
 .text.Speed_fixing
                0x080082b4      0x184 ..\obj\robot_function.o
                0x080082b4                Speed_fixing
 .text.Machine_roll
                0x08008438      0x3c8 ..\obj\robot_function.o
                0x08008438                Machine_roll
 .text.My_position
                0x08008800      0x340 ..\obj\robot_function.o
                0x08008800                My_position
 .text.Point_move
                0x08008b40      0x2f8 ..\obj\robot_function.o
                0x08008b40                Point_move
 .text.Stop_chack
                0x08008e38      0x120 ..\obj\robot_function.o
                0x08008e38                Stop_chack
 .text.Victim_position
                0x08008f58      0x158 ..\obj\robot_function.o
                0x08008f58                Victim_position
 .text.Clear_motor_t
                0x080090b0       0x4c ..\obj\robot_function.o
                0x080090b0                Clear_motor_t
 *fill*         0x080090fc        0x4 
 .text.Stop_back
                0x08009100      0x238 ..\obj\robot_function.o
                0x08009100                Stop_back
 .text.TIM_TimeBaseInit
                0x08009338       0xd4 ..\obj\stm32f4xx_tim.o
                0x08009338                TIM_TimeBaseInit
 .text.TIM_TimeBaseStructInit
                0x0800940c       0x34 ..\obj\stm32f4xx_tim.o
                0x0800940c                TIM_TimeBaseStructInit
 .text.TIM_PrescalerConfig
                0x08009440       0x28 ..\obj\stm32f4xx_tim.o
                0x08009440                TIM_PrescalerConfig
 .text.TIM_SetCounter
                0x08009468       0x1c ..\obj\stm32f4xx_tim.o
                0x08009468                TIM_SetCounter
 .text.TIM_GetCounter
                0x08009484       0x18 ..\obj\stm32f4xx_tim.o
                0x08009484                TIM_GetCounter
 .text.TIM_ARRPreloadConfig
                0x0800949c       0x40 ..\obj\stm32f4xx_tim.o
                0x0800949c                TIM_ARRPreloadConfig
 .text.TIM_Cmd  0x080094dc       0x40 ..\obj\stm32f4xx_tim.o
                0x080094dc                TIM_Cmd
 .text.TIM_OC1Init
                0x0800951c       0xf4 ..\obj\stm32f4xx_tim.o
                0x0800951c                TIM_OC1Init
 .text.TIM_OC2Init
                0x08009610      0x110 ..\obj\stm32f4xx_tim.o
                0x08009610                TIM_OC2Init
 .text.TIM_OC3Init
                0x08009720      0x10c ..\obj\stm32f4xx_tim.o
                0x08009720                TIM_OC3Init
 .text.TIM_OC4Init
                0x0800982c       0xcc ..\obj\stm32f4xx_tim.o
                0x0800982c                TIM_OC4Init
 .text.TIM_OC1PreloadConfig
                0x080098f8       0x38 ..\obj\stm32f4xx_tim.o
                0x080098f8                TIM_OC1PreloadConfig
 .text.TIM_OC2PreloadConfig
                0x08009930       0x3c ..\obj\stm32f4xx_tim.o
                0x08009930                TIM_OC2PreloadConfig
 .text.TIM_OC3PreloadConfig
                0x0800996c       0x38 ..\obj\stm32f4xx_tim.o
                0x0800996c                TIM_OC3PreloadConfig
 .text.TIM_OC4PreloadConfig
                0x080099a4       0x3c ..\obj\stm32f4xx_tim.o
                0x080099a4                TIM_OC4PreloadConfig
 .text.TIM_ITConfig
                0x080099e0       0x48 ..\obj\stm32f4xx_tim.o
                0x080099e0                TIM_ITConfig
 .text.TIM_ClearITPendingBit
                0x08009a28       0x20 ..\obj\stm32f4xx_tim.o
                0x08009a28                TIM_ClearITPendingBit
 .text.TIM_EncoderInterfaceConfig
                0x08009a48       0x8c ..\obj\stm32f4xx_tim.o
                0x08009a48                TIM_EncoderInterfaceConfig
 *fill*         0x08009ad4        0x4 
 .text.Angle_DtoR
                0x08009ad8       0x30 ..\obj\my_calculation_function.o
                0x08009ad8                Angle_DtoR
 .text.Angle_RtoD
                0x08009b08       0x30 ..\obj\my_calculation_function.o
                0x08009b08                Angle_RtoD
 .text.Angle_mode_set
                0x08009b38       0x58 ..\obj\my_calculation_function.o
                0x08009b38                Angle_mode_set
 .text.In_angle
                0x08009b90      0x100 ..\obj\my_calculation_function.o
                0x08009b90                In_angle
 .text.Difference_angle
                0x08009c90      0x1a0 ..\obj\my_calculation_function.o
                0x08009c90                Difference_angle
 .text.Target_angle
                0x08009e30      0x198 ..\obj\my_calculation_function.o
                0x08009e30                Target_angle
 .text.Actual_angle
                0x08009fc8       0x38 ..\obj\my_calculation_function.o
                0x08009fc8                Actual_angle
 .text.Limit_ul
                0x0800a000       0x68 ..\obj\my_calculation_function.o
                0x0800a000                Limit_ul
 .text.Target_distance
                0x0800a068       0x94 ..\obj\my_calculation_function.o
                0x0800a068                Target_distance
 .text.UB_LIS302_Init
                0x0800a0fc       0xa0 ..\obj\stm32_ub_lis302dl.o
                0x0800a0fc                UB_LIS302_Init
 .text.UB_LIS302_Read
                0x0800a19c       0x38 ..\obj\stm32_ub_lis302dl.o
                0x0800a19c                UB_LIS302_Read
 .text.UB_LIS302_SetFilter
                0x0800a1d4       0x58 ..\obj\stm32_ub_lis302dl.o
                0x0800a1d4                UB_LIS302_SetFilter
 .text.P_LIS302_CalcData
                0x0800a22c      0x104 ..\obj\stm32_ub_lis302dl.o
                0x0800a22c                P_LIS302_CalcData
 .text.P_LIS302_initIO
                0x0800a330       0x38 ..\obj\stm32_ub_lis302dl.o
                0x0800a330                P_LIS302_initIO
 .text.P_LIS302_CS
                0x0800a368       0x2c ..\obj\stm32_ub_lis302dl.o
                0x0800a368                P_LIS302_CS
 .text.P_LIS302_Read1Adr
                0x0800a394       0x4c ..\obj\stm32_ub_lis302dl.o
                0x0800a394                P_LIS302_Read1Adr
 .text.P_LIS302_Write1Adr
                0x0800a3e0       0x38 ..\obj\stm32_ub_lis302dl.o
                0x0800a3e0                P_LIS302_Write1Adr
 .text.cos      0x0800a418       0x74 c:/program files (x86)/gnu tools arm embedded/4.8 2014q2/bin/../lib/gcc/arm-none-eabi/4.8.4/../../../../arm-none-eabi/lib/armv7e-m\libm.a(lib_a-s_cos.o)
                0x0800a418                cos
 .text.sin      0x0800a48c       0x94 c:/program files (x86)/gnu tools arm embedded/4.8 2014q2/bin/../lib/gcc/arm-none-eabi/4.8.4/../../../../arm-none-eabi/lib/armv7e-m\libm.a(lib_a-s_sin.o)
                0x0800a48c                sin
 .text.atan2    0x0800a520        0x4 c:/program files (x86)/gnu tools arm embedded/4.8 2014q2/bin/../lib/gcc/arm-none-eabi/4.8.4/../../../../arm-none-eabi/lib/armv7e-m\libm.a(lib_a-w_atan2.o)
                0x0800a520                atan2
 .text.pow      0x0800a524      0x2f8 c:/program files (x86)/gnu tools arm embedded/4.8 2014q2/bin/../lib/gcc/arm-none-eabi/4.8.4/../../../../arm-none-eabi/lib/armv7e-m\libm.a(lib_a-w_pow.o)
                0x0800a524                pow
 *fill*         0x0800a81c        0x4 
 .text.__ieee754_atan2
                0x0800a820      0x1f0 c:/program files (x86)/gnu tools arm embedded/4.8 2014q2/bin/../lib/gcc/arm-none-eabi/4.8.4/../../../../arm-none-eabi/lib/armv7e-m\libm.a(lib_a-e_atan2.o)
                0x0800a820                __ieee754_atan2
 .text.__ieee754_pow
                0x0800aa10      0xa78 c:/program files (x86)/gnu tools arm embedded/4.8 2014q2/bin/../lib/gcc/arm-none-eabi/4.8.4/../../../../arm-none-eabi/lib/armv7e-m\libm.a(lib_a-e_pow.o)
                0x0800aa10                __ieee754_pow
 .text.__ieee754_rem_pio2
                0x0800b488      0x440 c:/program files (x86)/gnu tools arm embedded/4.8 2014q2/bin/../lib/gcc/arm-none-eabi/4.8.4/../../../../arm-none-eabi/lib/armv7e-m\libm.a(lib_a-e_rem_pio2.o)
                0x0800b488                __ieee754_rem_pio2
 .text.__ieee754_sqrt
                0x0800b8c8      0x180 c:/program files (x86)/gnu tools arm embedded/4.8 2014q2/bin/../lib/gcc/arm-none-eabi/4.8.4/../../../../arm-none-eabi/lib/armv7e-m\libm.a(lib_a-e_sqrt.o)
                0x0800b8c8                __ieee754_sqrt
 .text.__kernel_cos
                0x0800ba48      0x250 c:/program files (x86)/gnu tools arm embedded/4.8 2014q2/bin/../lib/gcc/arm-none-eabi/4.8.4/../../../../arm-none-eabi/lib/armv7e-m\libm.a(lib_a-k_cos.o)
                0x0800ba48                __kernel_cos
 .text.__kernel_rem_pio2
                0x0800bc98      0x7b0 c:/program files (x86)/gnu tools arm embedded/4.8 2014q2/bin/../lib/gcc/arm-none-eabi/4.8.4/../../../../arm-none-eabi/lib/armv7e-m\libm.a(lib_a-k_rem_pio2.o)
                0x0800bc98                __kernel_rem_pio2
 .text.__kernel_sin
                0x0800c448      0x170 c:/program files (x86)/gnu tools arm embedded/4.8 2014q2/bin/../lib/gcc/arm-none-eabi/4.8.4/../../../../arm-none-eabi/lib/armv7e-m\libm.a(lib_a-k_sin.o)
                0x0800c448                __kernel_sin
 .text.atan     0x0800c5b8      0x350 c:/program files (x86)/gnu tools arm embedded/4.8 2014q2/bin/../lib/gcc/arm-none-eabi/4.8.4/../../../../arm-none-eabi/lib/armv7e-m\libm.a(lib_a-s_atan.o)
                0x0800c5b8                atan
 .text.fabs     0x0800c908        0x8 c:/program files (x86)/gnu tools arm embedded/4.8 2014q2/bin/../lib/gcc/arm-none-eabi/4.8.4/../../../../arm-none-eabi/lib/armv7e-m\libm.a(lib_a-s_fabs.o)
                0x0800c908                fabs
 .text.finite   0x0800c910        0xc c:/program files (x86)/gnu tools arm embedded/4.8 2014q2/bin/../lib/gcc/arm-none-eabi/4.8.4/../../../../arm-none-eabi/lib/armv7e-m\libm.a(lib_a-s_finite.o)
                0x0800c910                finite
 *fill*         0x0800c91c        0x4 
 .text.floor    0x0800c920      0x120 c:/program files (x86)/gnu tools arm embedded/4.8 2014q2/bin/../lib/gcc/arm-none-eabi/4.8.4/../../../../arm-none-eabi/lib/armv7e-m\libm.a(lib_a-s_floor.o)
                0x0800c920                floor
 .text.__fpclassifyd
                0x0800ca40       0x50 c:/program files (x86)/gnu tools arm embedded/4.8 2014q2/bin/../lib/gcc/arm-none-eabi/4.8.4/../../../../arm-none-eabi/lib/armv7e-m\libm.a(lib_a-s_fpclassify.o)
                0x0800ca40                __fpclassifyd
 .text.matherr  0x0800ca90        0x4 c:/program files (x86)/gnu tools arm embedded/4.8 2014q2/bin/../lib/gcc/arm-none-eabi/4.8.4/../../../../arm-none-eabi/lib/armv7e-m\libm.a(lib_a-s_matherr.o)
                0x0800ca90                matherr
 .text.nan      0x0800ca94        0xc c:/program files (x86)/gnu tools arm embedded/4.8 2014q2/bin/../lib/gcc/arm-none-eabi/4.8.4/../../../../arm-none-eabi/lib/armv7e-m\libm.a(lib_a-s_nan.o)
                0x0800ca94                nan
 .text.rint     0x0800caa0      0x118 c:/program files (x86)/gnu tools arm embedded/4.8 2014q2/bin/../lib/gcc/arm-none-eabi/4.8.4/../../../../arm-none-eabi/lib/armv7e-m\libm.a(lib_a-s_rint.o)
                0x0800caa0                rint
 .text.scalbn   0x0800cbb8      0x118 c:/program files (x86)/gnu tools arm embedded/4.8 2014q2/bin/../lib/gcc/arm-none-eabi/4.8.4/../../../../arm-none-eabi/lib/armv7e-m\libm.a(lib_a-s_scalbn.o)
                0x0800cbb8                scalbn
 .text.copysign
                0x0800ccd0       0x14 c:/program files (x86)/gnu tools arm embedded/4.8 2014q2/bin/../lib/gcc/arm-none-eabi/4.8.4/../../../../arm-none-eabi/lib/armv7e-m\libm.a(lib_a-s_copysign.o)
                0x0800ccd0                copysign
 .text          0x0800cce4      0x370 c:/program files (x86)/gnu tools arm embedded/4.8 2014q2/bin/../lib/gcc/arm-none-eabi/4.8.4/armv7e-m\libgcc.a(_arm_addsubdf3.o)
                0x0800cce4                __aeabi_drsub
                0x0800ccec                __aeabi_dsub
                0x0800ccec                __subdf3
                0x0800ccf0                __aeabi_dadd
                0x0800ccf0                __adddf3
                0x0800cf68                __floatunsidf
                0x0800cf68                __aeabi_ui2d
                0x0800cf88                __floatsidf
                0x0800cf88                __aeabi_i2d
                0x0800cfac                __aeabi_f2d
                0x0800cfac                __extendsfdf2
                0x0800cfe8                __floatundidf
                0x0800cfe8                __aeabi_ul2d
                0x0800cff8                __floatdidf
                0x0800cff8                __aeabi_l2d
 .text          0x0800d054      0x424 c:/program files (x86)/gnu tools arm embedded/4.8 2014q2/bin/../lib/gcc/arm-none-eabi/4.8.4/armv7e-m\libgcc.a(_arm_muldivdf3.o)
                0x0800d054                __aeabi_dmul
                0x0800d054                __muldf3
                0x0800d2a8                __divdf3
                0x0800d2a8                __aeabi_ddiv
 .text          0x0800d478      0x110 c:/program files (x86)/gnu tools arm embedded/4.8 2014q2/bin/../lib/gcc/arm-none-eabi/4.8.4/armv7e-m\libgcc.a(_arm_cmpdf2.o)
                0x0800d478                __gtdf2
                0x0800d478                __gedf2
                0x0800d480                __ltdf2
                0x0800d480                __ledf2
                0x0800d488                __nedf2
                0x0800d488                __eqdf2
                0x0800d488                __cmpdf2
                0x0800d504                __aeabi_cdrcmple
                0x0800d514                __aeabi_cdcmpeq
                0x0800d514                __aeabi_cdcmple
                0x0800d524                __aeabi_dcmpeq
                0x0800d538                __aeabi_dcmplt
                0x0800d54c                __aeabi_dcmple
                0x0800d560                __aeabi_dcmpge
                0x0800d574                __aeabi_dcmpgt
 .text          0x0800d588       0x50 c:/program files (x86)/gnu tools arm embedded/4.8 2014q2/bin/../lib/gcc/arm-none-eabi/4.8.4/armv7e-m\libgcc.a(_arm_fixdfsi.o)
                0x0800d588                __aeabi_d2iz
                0x0800d588                __fixdfsi
 .text          0x0800d5d8       0x40 c:/program files (x86)/gnu tools arm embedded/4.8 2014q2/bin/../lib/gcc/arm-none-eabi/4.8.4/armv7e-m\libgcc.a(_arm_fixunsdfsi.o)
                0x0800d5d8                __aeabi_d2uiz
                0x0800d5d8                __fixunsdfsi
 .text          0x0800d618       0xa0 c:/program files (x86)/gnu tools arm embedded/4.8 2014q2/bin/../lib/gcc/arm-none-eabi/4.8.4/armv7e-m\libgcc.a(_arm_truncdfsf2.o)
                0x0800d618                __truncdfsf2
                0x0800d618                __aeabi_d2f
 .text          0x0800d6b8      0x21c c:/program files (x86)/gnu tools arm embedded/4.8 2014q2/bin/../lib/gcc/arm-none-eabi/4.8.4/armv7e-m\libgcc.a(_arm_addsubsf3.o)
                0x0800d6b8                __aeabi_frsub
                0x0800d6c0                __subsf3
                0x0800d6c0                __aeabi_fsub
                0x0800d6c4                __aeabi_fadd
                0x0800d6c4                __addsf3
                0x0800d824                __aeabi_ui2f
                0x0800d824                __floatunsisf
                0x0800d82c                __aeabi_i2f
                0x0800d82c                __floatsisf
                0x0800d848                __aeabi_ul2f
                0x0800d848                __floatundisf
                0x0800d858                __aeabi_l2f
                0x0800d858                __floatdisf
 .text          0x0800d8d4      0x2a0 c:/program files (x86)/gnu tools arm embedded/4.8 2014q2/bin/../lib/gcc/arm-none-eabi/4.8.4/armv7e-m\libgcc.a(_arm_muldivsf3.o)
                0x0800d8d4                __mulsf3
                0x0800d8d4                __aeabi_fmul
                0x0800da3c                __aeabi_fdiv
                0x0800da3c                __divsf3
 .text          0x0800db74       0xec c:/program files (x86)/gnu tools arm embedded/4.8 2014q2/bin/../lib/gcc/arm-none-eabi/4.8.4/armv7e-m\libgcc.a(_arm_cmpsf2.o)
                0x0800db74                __gesf2
                0x0800db74                __gtsf2
                0x0800db7c                __lesf2
                0x0800db7c                __ltsf2
                0x0800db84                __nesf2
                0x0800db84                __eqsf2
                0x0800db84                __cmpsf2
                0x0800dbe4                __aeabi_cfrcmple
                0x0800dbec                __aeabi_cfcmpeq
                0x0800dbec                __aeabi_cfcmple
                0x0800dbfc                __aeabi_fcmpeq
                0x0800dc10                __aeabi_fcmplt
                0x0800dc24                __aeabi_fcmple
                0x0800dc38                __aeabi_fcmpge
                0x0800dc4c                __aeabi_fcmpgt
 .text          0x0800dc60       0x40 c:/program files (x86)/gnu tools arm embedded/4.8 2014q2/bin/../lib/gcc/arm-none-eabi/4.8.4/armv7e-m\libgcc.a(_arm_fixunssfsi.o)
                0x0800dc60                __fixunssfsi
                0x0800dc60                __aeabi_f2uiz
 .text.__errno  0x0800dca0        0xc c:/program files (x86)/gnu tools arm embedded/4.8 2014q2/bin/../lib/gcc/arm-none-eabi/4.8.4/../../../../arm-none-eabi/lib/armv7e-m\libc.a(lib_a-errno.o)
                0x0800dca0                __errno
 *(.init)
 *(.fini)
 *crtbegin.o(.ctors)
 *crtbegin?.o(.ctors)
 *(EXCLUDE_FILE(*crtend.o *crtend?.o) .ctors)
 *(SORT(.ctors.*))
 *(.ctors)
 *crtbegin.o(.dtors)
 *crtbegin?.o(.dtors)
 *(EXCLUDE_FILE(*crtend.o *crtend?.o) .dtors)
 *(SORT(.dtors.*))
 *(.dtors)
 *(.rodata*)
 .rodata        0x0800dcac        0xc ..\obj\main.o
 .rodata        0x0800dcb8       0x98 ..\obj\usbd_desc.o
 .rodata.str1.4
                0x0800dd50        0x4 c:/program files (x86)/gnu tools arm embedded/4.8 2014q2/bin/../lib/gcc/arm-none-eabi/4.8.4/../../../../arm-none-eabi/lib/armv7e-m\libm.a(lib_a-w_pow.o)
 *fill*         0x0800dd54        0x4 
 .rodata.dp_h   0x0800dd58       0x10 c:/program files (x86)/gnu tools arm embedded/4.8 2014q2/bin/../lib/gcc/arm-none-eabi/4.8.4/../../../../arm-none-eabi/lib/armv7e-m\libm.a(lib_a-e_pow.o)
 .rodata.dp_l   0x0800dd68       0x10 c:/program files (x86)/gnu tools arm embedded/4.8 2014q2/bin/../lib/gcc/arm-none-eabi/4.8.4/../../../../arm-none-eabi/lib/armv7e-m\libm.a(lib_a-e_pow.o)
 .rodata.bp     0x0800dd78       0x10 c:/program files (x86)/gnu tools arm embedded/4.8 2014q2/bin/../lib/gcc/arm-none-eabi/4.8.4/../../../../arm-none-eabi/lib/armv7e-m\libm.a(lib_a-e_pow.o)
 .rodata.str1.4
                0x0800dd88        0x1 c:/program files (x86)/gnu tools arm embedded/4.8 2014q2/bin/../lib/gcc/arm-none-eabi/4.8.4/../../../../arm-none-eabi/lib/armv7e-m\libm.a(lib_a-e_pow.o)
                                  0x4 (size before relaxing)
 *fill*         0x0800dd89        0x3 
 .rodata.npio2_hw
                0x0800dd8c       0x80 c:/program files (x86)/gnu tools arm embedded/4.8 2014q2/bin/../lib/gcc/arm-none-eabi/4.8.4/../../../../arm-none-eabi/lib/armv7e-m\libm.a(lib_a-e_rem_pio2.o)
 .rodata.two_over_pi
                0x0800de0c      0x108 c:/program files (x86)/gnu tools arm embedded/4.8 2014q2/bin/../lib/gcc/arm-none-eabi/4.8.4/../../../../arm-none-eabi/lib/armv7e-m\libm.a(lib_a-e_rem_pio2.o)
 .rodata.init_jk
                0x0800df14       0x10 c:/program files (x86)/gnu tools arm embedded/4.8 2014q2/bin/../lib/gcc/arm-none-eabi/4.8.4/../../../../arm-none-eabi/lib/armv7e-m\libm.a(lib_a-k_rem_pio2.o)
 *fill*         0x0800df24        0x4 
 .rodata.PIo2   0x0800df28       0x40 c:/program files (x86)/gnu tools arm embedded/4.8 2014q2/bin/../lib/gcc/arm-none-eabi/4.8.4/../../../../arm-none-eabi/lib/armv7e-m\libm.a(lib_a-k_rem_pio2.o)
 .rodata.atanlo
                0x0800df68       0x20 c:/program files (x86)/gnu tools arm embedded/4.8 2014q2/bin/../lib/gcc/arm-none-eabi/4.8.4/../../../../arm-none-eabi/lib/armv7e-m\libm.a(lib_a-s_atan.o)
 .rodata.atanhi
                0x0800df88       0x20 c:/program files (x86)/gnu tools arm embedded/4.8 2014q2/bin/../lib/gcc/arm-none-eabi/4.8.4/../../../../arm-none-eabi/lib/armv7e-m\libm.a(lib_a-s_atan.o)
 .rodata.TWO52  0x0800dfa8       0x10 c:/program files (x86)/gnu tools arm embedded/4.8 2014q2/bin/../lib/gcc/arm-none-eabi/4.8.4/../../../../arm-none-eabi/lib/armv7e-m\libm.a(lib_a-s_rint.o)
 .rodata.str1.4
                0x0800dfb8        0x4 c:/program files (x86)/gnu tools arm embedded/4.8 2014q2/bin/../lib/gcc/arm-none-eabi/4.8.4/../../../../arm-none-eabi/lib/armv7e-m\libc.a(lib_a-impure.o)
 *(.eh_fram e*)

.glue_7         0x0800dfbc        0x0
 .glue_7        0x00000000        0x0 linker stubs

.glue_7t        0x0800dfbc        0x0
 .glue_7t       0x00000000        0x0 linker stubs

.vfp11_veneer   0x0800dfbc        0x0
 .vfp11_veneer  0x00000000        0x0 linker stubs

.v4_bx          0x0800dfbc        0x0
 .v4_bx         0x00000000        0x0 linker stubs

.iplt           0x0800dfbc        0x0
 .iplt          0x00000000        0x0 ..\obj\stm32f4xx_syscfg.o

.rel.dyn        0x0800dfbc        0x0
 .rel.iplt      0x00000000        0x0 ..\obj\stm32f4xx_syscfg.o

.ARM.extab
 *(.ARM.extab* .gnu.linkonce.armextab.*)
                0x0800dfbc                __exidx_start = .

.ARM.exidx
 *(.ARM.exidx* .gnu.linkonce.armexidx.*)
                0x0800dfbc                __exidx_end = .
                0x0800dfbc                __etext = .
                0x0800dfbc                _sidata = __etext

.data           0x20000000      0x594 load address 0x0800dfbc
                0x20000000                __data_start__ = .
                0x20000000                _sdata = __data_start__
 *(vtable)
 *(.data*)
 .data          0x20000000       0x1c ..\obj\usbd_usr.o
                0x20000000                USR_cb
 .data          0x2000001c       0x30 ..\obj\usbd_core.o
                0x2000001c                USBD_DCD_INT_cb
                0x20000048                USBD_DCD_INT_fops
 .data          0x2000004c       0x30 ..\obj\stm32_ub_spi1.o
                0x2000004c                SPI1DEV
 .data          0x2000007c       0x40 ..\obj\usbd_desc.o
                0x2000007c                USR_desc
                0x20000098                USBD_DeviceDesc
                0x200000ac                USBD_DeviceQualifierDesc
                0x200000b8                USBD_LangIDDesc
 .data          0x200000bc       0x1c ..\obj\usbd_cdc_vcp.o
                0x200000bc                linecoding
                0x200000c4                VCP_fops
 .data          0x200000d8       0x14 ..\obj\system_stm32f4xx.o
                0x200000d8                SystemCoreClock
                0x200000dc                AHBPrescTable
 .data          0x200000ec       0x74 ..\obj\usbd_cdc_core.o
                0x200000ec                usbd_cdc_CfgDesc
                0x20000134                USBD_CDC_cb
 .data.__fdlib_version
                0x20000160        0x1 c:/program files (x86)/gnu tools arm embedded/4.8 2014q2/bin/../lib/gcc/arm-none-eabi/4.8.4/../../../../arm-none-eabi/lib/armv7e-m\libm.a(lib_a-s_lib_ver.o)
                0x20000160                __fdlib_version
 *fill*         0x20000161        0x7 
 .data.impure_data
                0x20000168      0x428 c:/program files (x86)/gnu tools arm embedded/4.8 2014q2/bin/../lib/gcc/arm-none-eabi/4.8.4/../../../../arm-none-eabi/lib/armv7e-m\libc.a(lib_a-impure.o)
 .data._impure_ptr
                0x20000590        0x4 c:/program files (x86)/gnu tools arm embedded/4.8 2014q2/bin/../lib/gcc/arm-none-eabi/4.8.4/../../../../arm-none-eabi/lib/armv7e-m\libc.a(lib_a-impure.o)
                0x20000590                _impure_ptr
                0x20000594                . = ALIGN (0x4)
                0x20000594                PROVIDE (__preinit_array_start, .)
 *(.preinit_array)
                0x20000594                PROVIDE (__preinit_array_end, .)
                0x20000594                . = ALIGN (0x4)
                0x20000594                PROVIDE (__init_array_start, .)
 *(SORT(.init_array.*))
 *(.init_array)
                0x20000594                PROVIDE (__init_array_end, .)
                0x20000594                . = ALIGN (0x4)
                0x20000594                PROVIDE (__fini_array_start, .)
 *(SORT(.fini_array.*))
 *(.fini_array)
                0x20000594                PROVIDE (__fini_array_end, .)
 *(.jcr*)
                0x20000594                . = ALIGN (0x4)
                0x20000594                __data_end__ = .
                0x20000594                _edata = __data_end__

.igot.plt       0x20000594        0x0 load address 0x0800e550
 .igot.plt      0x00000000        0x0 ..\obj\stm32f4xx_syscfg.o

.bss            0x20000598     0x1180 load address 0x0800e558
                0x20000598                . = ALIGN (0x4)
                0x20000598                __bss_start__ = .
                0x20000598                _sbss = __bss_start__
 *(.bss*)
 .bss           0x20000598       0x10 ..\obj\main.o
 .bss           0x200005a8        0x2 ..\obj\stm32_ub_spi1.o
 *fill*         0x200005aa        0x2 
 .bss           0x200005ac        0x4 ..\obj\SRC_route.o
 .bss           0x200005b0        0x8 ..\obj\my_time.o
 .bss           0x200005b8       0x10 ..\obj\usbd_req.o
                0x200005b8                USBD_ep_status
                0x200005bc                USBD_default_cfg
                0x200005c0                USBD_cfg_status
 .bss           0x200005c8       0x1c ..\obj\usbd_cdc_core.o
                0x200005cc                APP_Rx_ptr_in
                0x200005d0                APP_Rx_ptr_out
                0x200005d4                APP_Rx_length
                0x200005d8                USB_Tx_State
 .bss           0x200005e4        0xc ..\obj\init_system_stm32f4.o
 .bss           0x200005f0      0x1d0 ..\obj\robot_function.o
 *(COMMON)
 COMMON         0x200007c0      0x600 ..\obj\main.o
                0x200007c0                LIS302
                0x200007c8                LIS302_RAW
                0x200007cc                ADC3ConvertedValue
                0x200007d0                USB_OTG_dev
 COMMON         0x20000dc0       0x98 ..\obj\usbd_cdc_vcp.o
                0x20000dc0                APP_Tx_Buffer
                0x20000e40                APP_tx_ptr_tail
                0x20000e44                USART_InitStructure
                0x20000e54                APP_tx_ptr_head
 COMMON         0x20000e58       0x32 ..\obj\usbd_req.o
                0x20000e58                USBD_StrDesc
 *fill*         0x20000e8a        0x2 
 COMMON         0x20000e8c      0x88c ..\obj\usbd_cdc_core.o
                0x20000e8c                usbd_cdc_OtherCfgDesc
                0x20000ed0                USB_Rx_Buffer
                0x20000f10                CmdBuff
                0x20000f18                APP_Rx_Buffer
                0x20001718                . = ALIGN (0x4)
                0x20001718                __bss_end__ = .
                0x20001718                _ebss = __bss_end__

.heap           0x20001718        0x0
                0x20001718                __end__ = .
                0x20001718                _end = __end__
                0x20001718                end = __end__
 *(.heap*)
                0x20001718                __HeapLimit = .

.co_stack       0x20001718      0x800 load address 0x0800f6d8
                0x20001718                . = ALIGN (0x8)
 *(.co_stack .co_stack.*)
 .co_stack      0x20001718      0x800 ..\obj\startup_stm32f4xx.o
                0x20001718                pulStack
                0x20020000                __StackTop = (ORIGIN (ram) + 0x20000)
                0x2001f800                __StackLimit = (__StackTop - SIZEOF (.co_stack))
                0x20020000                PROVIDE (__stack, __StackTop)
                0x00000001                ASSERT ((__StackLimit >= __HeapLimit), region ram  overflowed with stack)
LOAD ..\obj\stm32f4xx_syscfg.o
LOAD ..\obj\usb_core.o
LOAD ..\obj\stm32f4xx_sdio.o
LOAD ..\obj\usbd_usr.o
LOAD ..\obj\stm32f4xx_usart.o
LOAD ..\obj\stm32f4xx_pwr.o
LOAD ..\obj\startup_stm32f4xx.o
LOAD ..\obj\stm32f4xx_crc.o
LOAD ..\obj\usbd_core.o
LOAD ..\obj\main.o
LOAD ..\obj\stm32f4xx_rcc.o
LOAD ..\obj\stm32f4xx_adc.o
LOAD ..\obj\stm32_ub_spi1.o
LOAD ..\obj\SRC_route.o
LOAD ..\obj\usbd_desc.o
LOAD ..\obj\my_standard_io_ver_2.o
LOAD ..\obj\my_robot_config.o
LOAD ..\obj\usb_communication.o
LOAD ..\obj\stm32f4xx_fsmc.o
LOAD ..\obj\stm32f4xx_gpio.o
LOAD ..\obj\stm32f4xx_flash.o
LOAD ..\obj\usbd_cdc_vcp.o
LOAD ..\obj\my_time.o
LOAD ..\obj\system_stm32f4xx.o
LOAD ..\obj\syscalls.o
LOAD ..\obj\stm32f4xx_dma.o
LOAD ..\obj\usb_bsp.o
LOAD ..\obj\usbd_req.o
LOAD ..\obj\usb_dcd_int.o
LOAD ..\obj\usbd_cdc_core.o
LOAD ..\obj\init_system_stm32f4.o
LOAD ..\obj\stm32f4xx_spi.o
LOAD ..\obj\stm32f4xx_i2c.o
LOAD ..\obj\stm32f4xx_exti.o
LOAD ..\obj\external_module_function.o
LOAD ..\obj\misc.o
LOAD ..\obj\usb_dcd.o
LOAD ..\obj\usbd_ioreq.o
LOAD ..\obj\robot_function.o
LOAD ..\obj\stm32f4xx_tim.o
LOAD ..\obj\my_calculation_function.o
LOAD ..\obj\stm32_ub_lis302dl.o
LOAD c:/program files (x86)/gnu tools arm embedded/4.8 2014q2/bin/../lib/gcc/arm-none-eabi/4.8.4/../../../../arm-none-eabi/lib/armv7e-m\libm.a
LOAD c:/program files (x86)/gnu tools arm embedded/4.8 2014q2/bin/../lib/gcc/arm-none-eabi/4.8.4/armv7e-m\libgcc.a
LOAD c:/program files (x86)/gnu tools arm embedded/4.8 2014q2/bin/../lib/gcc/arm-none-eabi/4.8.4/../../../../arm-none-eabi/lib/armv7e-m\libc.a
START GROUP
LOAD c:/program files (x86)/gnu tools arm embedded/4.8 2014q2/bin/../lib/gcc/arm-none-eabi/4.8.4/armv7e-m\libgcc.a
LOAD c:/program files (x86)/gnu tools arm embedded/4.8 2014q2/bin/../lib/gcc/arm-none-eabi/4.8.4/../../../../arm-none-eabi/lib/armv7e-m\libg.a
LOAD c:/program files (x86)/gnu tools arm embedded/4.8 2014q2/bin/../lib/gcc/arm-none-eabi/4.8.4/../../../../arm-none-eabi/lib/armv7e-m\libc.a
END GROUP
OUTPUT(shigure_st32_ver_3.elf elf32-littlearm)

.debug_info     0x00000000    0x16e01
 .debug_info    0x00000000     0x251b ..\obj\usb_core.o
 .debug_info    0x0000251b      0x1cb ..\obj\usbd_usr.o
 .debug_info    0x000026e6      0x9c2 ..\obj\stm32f4xx_usart.o
 .debug_info    0x000030a8       0xed ..\obj\startup_stm32f4xx.o
 .debug_info    0x00003195      0xe95 ..\obj\usbd_core.o
 .debug_info    0x0000402a     0x176b ..\obj\main.o
 .debug_info    0x00005795      0xc4d ..\obj\stm32f4xx_rcc.o
 .debug_info    0x000063e2      0xc38 ..\obj\stm32f4xx_adc.o
 .debug_info    0x0000701a      0x5c1 ..\obj\stm32_ub_spi1.o
 .debug_info    0x000075db      0x3e5 ..\obj\SRC_route.o
 .debug_info    0x000079c0      0x363 ..\obj\usbd_desc.o
 .debug_info    0x00007d23      0x49a ..\obj\my_standard_io_ver_2.o
 .debug_info    0x000081bd      0x1c5 ..\obj\my_robot_config.o
 .debug_info    0x00008382      0xbdd ..\obj\usb_communication.o
 .debug_info    0x00008f5f      0x602 ..\obj\stm32f4xx_gpio.o
 .debug_info    0x00009561      0x4ae ..\obj\usbd_cdc_vcp.o
 .debug_info    0x00009a0f      0x1d7 ..\obj\my_time.o
 .debug_info    0x00009be6      0x592 ..\obj\system_stm32f4xx.o
 .debug_info    0x0000a178      0x739 ..\obj\stm32f4xx_dma.o
 .debug_info    0x0000a8b1     0x1004 ..\obj\usb_bsp.o
 .debug_info    0x0000b8b5      0xf9b ..\obj\usbd_req.o
 .debug_info    0x0000c850     0x1d6d ..\obj\usb_dcd_int.o
 .debug_info    0x0000e5bd      0xef2 ..\obj\usbd_cdc_core.o
 .debug_info    0x0000f4af     0x140c ..\obj\init_system_stm32f4.o
 .debug_info    0x000108bb      0xb07 ..\obj\stm32f4xx_spi.o
 .debug_info    0x000113c2      0x347 ..\obj\stm32f4xx_exti.o
 .debug_info    0x00011709      0x53d ..\obj\misc.o
 .debug_info    0x00011c46     0x101f ..\obj\usb_dcd.o
 .debug_info    0x00012c65      0xcb7 ..\obj\usbd_ioreq.o
 .debug_info    0x0001391c      0xfde ..\obj\robot_function.o
 .debug_info    0x000148fa     0x1c61 ..\obj\stm32f4xx_tim.o
 .debug_info    0x0001655b      0x32f ..\obj\my_calculation_function.o
 .debug_info    0x0001688a      0x577 ..\obj\stm32_ub_lis302dl.o

.debug_abbrev   0x00000000     0x3424
 .debug_abbrev  0x00000000      0x2e7 ..\obj\usb_core.o
 .debug_abbrev  0x000002e7       0xdd ..\obj\usbd_usr.o
 .debug_abbrev  0x000003c4      0x155 ..\obj\stm32f4xx_usart.o
 .debug_abbrev  0x00000519       0xb0 ..\obj\startup_stm32f4xx.o
 .debug_abbrev  0x000005c9      0x21d ..\obj\usbd_core.o
 .debug_abbrev  0x000007e6      0x26c ..\obj\main.o
 .debug_abbrev  0x00000a52      0x1e3 ..\obj\stm32f4xx_rcc.o
 .debug_abbrev  0x00000c35      0x196 ..\obj\stm32f4xx_adc.o
 .debug_abbrev  0x00000dcb      0x149 ..\obj\stm32_ub_spi1.o
 .debug_abbrev  0x00000f14       0xe4 ..\obj\SRC_route.o
 .debug_abbrev  0x00000ff8      0x12c ..\obj\usbd_desc.o
 .debug_abbrev  0x00001124      0x100 ..\obj\my_standard_io_ver_2.o
 .debug_abbrev  0x00001224       0xc3 ..\obj\my_robot_config.o
 .debug_abbrev  0x000012e7      0x1c5 ..\obj\usb_communication.o
 .debug_abbrev  0x000014ac      0x1a3 ..\obj\stm32f4xx_gpio.o
 .debug_abbrev  0x0000164f      0x189 ..\obj\usbd_cdc_vcp.o
 .debug_abbrev  0x000017d8       0xa5 ..\obj\my_time.o
 .debug_abbrev  0x0000187d      0x136 ..\obj\system_stm32f4xx.o
 .debug_abbrev  0x000019b3      0x155 ..\obj\stm32f4xx_dma.o
 .debug_abbrev  0x00001b08      0x22b ..\obj\usb_bsp.o
 .debug_abbrev  0x00001d33      0x293 ..\obj\usbd_req.o
 .debug_abbrev  0x00001fc6      0x25b ..\obj\usb_dcd_int.o
 .debug_abbrev  0x00002221      0x215 ..\obj\usbd_cdc_core.o
 .debug_abbrev  0x00002436      0x250 ..\obj\init_system_stm32f4.o
 .debug_abbrev  0x00002686      0x167 ..\obj\stm32f4xx_spi.o
 .debug_abbrev  0x000027ed      0x1a5 ..\obj\stm32f4xx_exti.o
 .debug_abbrev  0x00002992      0x145 ..\obj\misc.o
 .debug_abbrev  0x00002ad7      0x259 ..\obj\usb_dcd.o
 .debug_abbrev  0x00002d30      0x1af ..\obj\usbd_ioreq.o
 .debug_abbrev  0x00002edf      0x154 ..\obj\robot_function.o
 .debug_abbrev  0x00003033      0x187 ..\obj\stm32f4xx_tim.o
 .debug_abbrev  0x000031ba       0xa7 ..\obj\my_calculation_function.o
 .debug_abbrev  0x00003261      0x1c3 ..\obj\stm32_ub_lis302dl.o

.debug_aranges  0x00000000     0x13a0
 .debug_aranges
                0x00000000      0x138 ..\obj\usb_core.o
 .debug_aranges
                0x00000138       0x50 ..\obj\usbd_usr.o
 .debug_aranges
                0x00000188      0x100 ..\obj\stm32f4xx_usart.o
 .debug_aranges
                0x00000288       0x28 ..\obj\startup_stm32f4xx.o
 .debug_aranges
                0x000002b0       0x80 ..\obj\usbd_core.o
 .debug_aranges
                0x00000330       0x88 ..\obj\main.o
 .debug_aranges
                0x000003b8      0x178 ..\obj\stm32f4xx_rcc.o
 .debug_aranges
                0x00000530      0x148 ..\obj\stm32f4xx_adc.o
 .debug_aranges
                0x00000678       0x28 ..\obj\stm32_ub_spi1.o
 .debug_aranges
                0x000006a0       0x58 ..\obj\SRC_route.o
 .debug_aranges
                0x000006f8       0x50 ..\obj\usbd_desc.o
 .debug_aranges
                0x00000748       0x80 ..\obj\my_standard_io_ver_2.o
 .debug_aranges
                0x000007c8       0x28 ..\obj\my_robot_config.o
 .debug_aranges
                0x000007f0       0x80 ..\obj\usb_communication.o
 .debug_aranges
                0x00000870       0x88 ..\obj\stm32f4xx_gpio.o
 .debug_aranges
                0x000008f8       0x70 ..\obj\usbd_cdc_vcp.o
 .debug_aranges
                0x00000968       0x58 ..\obj\my_time.o
 .debug_aranges
                0x000009c0       0x30 ..\obj\system_stm32f4xx.o
 .debug_aranges
                0x000009f0       0xb0 ..\obj\stm32f4xx_dma.o
 .debug_aranges
                0x00000aa0       0x48 ..\obj\usb_bsp.o
 .debug_aranges
                0x00000ae8       0x88 ..\obj\usbd_req.o
 .debug_aranges
                0x00000b70       0x80 ..\obj\usb_dcd_int.o
 .debug_aranges
                0x00000bf0       0x60 ..\obj\usbd_cdc_core.o
 .debug_aranges
                0x00000c50       0xc8 ..\obj\init_system_stm32f4.o
 .debug_aranges
                0x00000d18       0xe0 ..\obj\stm32f4xx_spi.o
 .debug_aranges
                0x00000df8       0x58 ..\obj\stm32f4xx_exti.o
 .debug_aranges
                0x00000e50       0x40 ..\obj\misc.o
 .debug_aranges
                0x00000e90       0x80 ..\obj\usb_dcd.o
 .debug_aranges
                0x00000f10       0x50 ..\obj\usbd_ioreq.o
 .debug_aranges
                0x00000f60       0x90 ..\obj\robot_function.o
 .debug_aranges
                0x00000ff0      0x2f8 ..\obj\stm32f4xx_tim.o
 .debug_aranges
                0x000012e8       0x60 ..\obj\my_calculation_function.o
 .debug_aranges
                0x00001348       0x58 ..\obj\stm32_ub_lis302dl.o

.debug_ranges   0x00000000     0x1190
 .debug_ranges  0x00000000      0x128 ..\obj\usb_core.o
 .debug_ranges  0x00000128       0x40 ..\obj\usbd_usr.o
 .debug_ranges  0x00000168       0xf0 ..\obj\stm32f4xx_usart.o
 .debug_ranges  0x00000258       0x18 ..\obj\startup_stm32f4xx.o
 .debug_ranges  0x00000270       0x70 ..\obj\usbd_core.o
 .debug_ranges  0x000002e0       0x78 ..\obj\main.o
 .debug_ranges  0x00000358      0x168 ..\obj\stm32f4xx_rcc.o
 .debug_ranges  0x000004c0      0x138 ..\obj\stm32f4xx_adc.o
 .debug_ranges  0x000005f8       0x18 ..\obj\stm32_ub_spi1.o
 .debug_ranges  0x00000610       0x48 ..\obj\SRC_route.o
 .debug_ranges  0x00000658       0x40 ..\obj\usbd_desc.o
 .debug_ranges  0x00000698       0x70 ..\obj\my_standard_io_ver_2.o
 .debug_ranges  0x00000708       0x18 ..\obj\my_robot_config.o
 .debug_ranges  0x00000720       0x70 ..\obj\usb_communication.o
 .debug_ranges  0x00000790       0x78 ..\obj\stm32f4xx_gpio.o
 .debug_ranges  0x00000808       0x60 ..\obj\usbd_cdc_vcp.o
 .debug_ranges  0x00000868       0x48 ..\obj\my_time.o
 .debug_ranges  0x000008b0       0x20 ..\obj\system_stm32f4xx.o
 .debug_ranges  0x000008d0       0xa0 ..\obj\stm32f4xx_dma.o
 .debug_ranges  0x00000970       0x38 ..\obj\usb_bsp.o
 .debug_ranges  0x000009a8       0x78 ..\obj\usbd_req.o
 .debug_ranges  0x00000a20       0x70 ..\obj\usb_dcd_int.o
 .debug_ranges  0x00000a90       0x50 ..\obj\usbd_cdc_core.o
 .debug_ranges  0x00000ae0       0xb8 ..\obj\init_system_stm32f4.o
 .debug_ranges  0x00000b98       0xd0 ..\obj\stm32f4xx_spi.o
 .debug_ranges  0x00000c68       0x48 ..\obj\stm32f4xx_exti.o
 .debug_ranges  0x00000cb0       0x30 ..\obj\misc.o
 .debug_ranges  0x00000ce0       0x70 ..\obj\usb_dcd.o
 .debug_ranges  0x00000d50       0x40 ..\obj\usbd_ioreq.o
 .debug_ranges  0x00000d90       0x80 ..\obj\robot_function.o
 .debug_ranges  0x00000e10      0x2e8 ..\obj\stm32f4xx_tim.o
 .debug_ranges  0x000010f8       0x50 ..\obj\my_calculation_function.o
 .debug_ranges  0x00001148       0x48 ..\obj\stm32_ub_lis302dl.o

.debug_line     0x00000000     0x79a7
 .debug_line    0x00000000      0x6db ..\obj\usb_core.o
 .debug_line    0x000006db      0x230 ..\obj\usbd_usr.o
 .debug_line    0x0000090b      0x4c5 ..\obj\stm32f4xx_usart.o
 .debug_line    0x00000dd0       0xa6 ..\obj\startup_stm32f4xx.o
 .debug_line    0x00000e76      0x35a ..\obj\usbd_core.o
 .debug_line    0x000011d0      0x5e5 ..\obj\main.o
 .debug_line    0x000017b5      0x5bd ..\obj\stm32f4xx_rcc.o
 .debug_line    0x00001d72      0x575 ..\obj\stm32f4xx_adc.o
 .debug_line    0x000022e7      0x29a ..\obj\stm32_ub_spi1.o
 .debug_line    0x00002581      0x373 ..\obj\SRC_route.o
 .debug_line    0x000028f4      0x254 ..\obj\usbd_desc.o
 .debug_line    0x00002b48      0x27e ..\obj\my_standard_io_ver_2.o
 .debug_line    0x00002dc6      0x11c ..\obj\my_robot_config.o
 .debug_line    0x00002ee2      0x3a9 ..\obj\usb_communication.o
 .debug_line    0x0000328b      0x362 ..\obj\stm32f4xx_gpio.o
 .debug_line    0x000035ed      0x35f ..\obj\usbd_cdc_vcp.o
 .debug_line    0x0000394c      0x11b ..\obj\my_time.o
 .debug_line    0x00003a67      0x200 ..\obj\system_stm32f4xx.o
 .debug_line    0x00003c67      0x3ff ..\obj\stm32f4xx_dma.o
 .debug_line    0x00004066      0x2f5 ..\obj\usb_bsp.o
 .debug_line    0x0000435b      0x40a ..\obj\usbd_req.o
 .debug_line    0x00004765      0x3be ..\obj\usb_dcd_int.o
 .debug_line    0x00004b23      0x324 ..\obj\usbd_cdc_core.o
 .debug_line    0x00004e47      0x80b ..\obj\init_system_stm32f4.o
 .debug_line    0x00005652      0x475 ..\obj\stm32f4xx_spi.o
 .debug_line    0x00005ac7      0x2c8 ..\obj\stm32f4xx_exti.o
 .debug_line    0x00005d8f      0x268 ..\obj\misc.o
 .debug_line    0x00005ff7      0x346 ..\obj\usb_dcd.o
 .debug_line    0x0000633d      0x26e ..\obj\usbd_ioreq.o
 .debug_line    0x000065ab      0x4c9 ..\obj\robot_function.o
 .debug_line    0x00006a74      0xa88 ..\obj\stm32f4xx_tim.o
 .debug_line    0x000074fc      0x199 ..\obj\my_calculation_function.o
 .debug_line    0x00007695      0x312 ..\obj\stm32_ub_lis302dl.o

.debug_str      0x00000000     0x6380
 .debug_str     0x00000000     0x1328 ..\obj\usb_core.o
                               0x1694 (size before relaxing)
 .debug_str     0x00001328       0xee ..\obj\usbd_usr.o
                                0x2b4 (size before relaxing)
 .debug_str     0x00001416      0x50d ..\obj\stm32f4xx_usart.o
                                0x694 (size before relaxing)
 .debug_str     0x00001923       0xb5 ..\obj\startup_stm32f4xx.o
                                0x14c (size before relaxing)
 .debug_str     0x000019d8      0x197 ..\obj\usbd_core.o
                                0xada (size before relaxing)
 .debug_str     0x00001b6f      0x812 ..\obj\main.o
                               0x1171 (size before relaxing)
 .debug_str     0x00002381      0x5e8 ..\obj\stm32f4xx_rcc.o
                                0x855 (size before relaxing)
 .debug_str     0x00002969      0x4fc ..\obj\stm32f4xx_adc.o
                                0x809 (size before relaxing)
 .debug_str     0x00002e65      0x1aa ..\obj\stm32_ub_spi1.o
                                0x53f (size before relaxing)
 .debug_str     0x0000300f       0xa4 ..\obj\SRC_route.o
                                0x224 (size before relaxing)
 .debug_str     0x000030b3      0x167 ..\obj\usbd_desc.o
                                0x38d (size before relaxing)
 .debug_str     0x0000321a      0x15f ..\obj\my_standard_io_ver_2.o
                                0x29c (size before relaxing)
 .debug_str     0x00003379       0xc3 ..\obj\my_robot_config.o
                                0x208 (size before relaxing)
 .debug_str     0x0000343c      0x11d ..\obj\usb_communication.o
                                0xa1d (size before relaxing)
 .debug_str     0x00003559      0x1a8 ..\obj\stm32f4xx_gpio.o
                                0x4a8 (size before relaxing)
 .debug_str     0x00003701      0x1ce ..\obj\usbd_cdc_vcp.o
                                0x3bf (size before relaxing)
 .debug_str     0x000038cf      0x10a ..\obj\my_time.o
                                0x19e (size before relaxing)
 .debug_str     0x000039d9      0x11d ..\obj\system_stm32f4xx.o
                                0x3af (size before relaxing)
 .debug_str     0x00003af6      0x266 ..\obj\stm32f4xx_dma.o
                                0x547 (size before relaxing)
 .debug_str     0x00003d5c      0x655 ..\obj\usb_bsp.o
                               0x10db (size before relaxing)
 .debug_str     0x000043b1      0x17d ..\obj\usbd_req.o
                                0xb05 (size before relaxing)
 .debug_str     0x0000452e      0x292 ..\obj\usb_dcd_int.o
                               0x1292 (size before relaxing)
 .debug_str     0x000047c0      0x19a ..\obj\usbd_cdc_core.o
                                0xb22 (size before relaxing)
 .debug_str     0x0000495a      0x335 ..\obj\init_system_stm32f4.o
                                0xf47 (size before relaxing)
 .debug_str     0x00004c8f      0x2f5 ..\obj\stm32f4xx_spi.o
                                0x68f (size before relaxing)
 .debug_str     0x00004f84      0x1d2 ..\obj\stm32f4xx_exti.o
                                0x35e (size before relaxing)
 .debug_str     0x00005156      0x111 ..\obj\misc.o
                                0x3d3 (size before relaxing)
 .debug_str     0x00005267      0x118 ..\obj\usb_dcd.o
                                0xb34 (size before relaxing)
 .debug_str     0x0000537f       0xd3 ..\obj\usbd_ioreq.o
                                0x9c4 (size before relaxing)
 .debug_str     0x00005452      0x31d ..\obj\robot_function.o
                                0x51b (size before relaxing)
 .debug_str     0x0000576f      0xa03 ..\obj\stm32f4xx_tim.o
                                0xdd5 (size before relaxing)
 .debug_str     0x00006172       0xf7 ..\obj\my_calculation_function.o
                                0x256 (size before relaxing)
 .debug_str     0x00006269      0x117 ..\obj\stm32_ub_lis302dl.o
                                0x538 (size before relaxing)

.comment        0x00000000       0x70
 .comment       0x00000000       0x70 ..\obj\usb_core.o
                                 0x71 (size before relaxing)
 .comment       0x00000000       0x71 ..\obj\usbd_usr.o
 .comment       0x00000000       0x71 ..\obj\stm32f4xx_usart.o
 .comment       0x00000000       0x71 ..\obj\startup_stm32f4xx.o
 .comment       0x00000000       0x71 ..\obj\usbd_core.o
 .comment       0x00000000       0x71 ..\obj\main.o
 .comment       0x00000000       0x71 ..\obj\stm32f4xx_rcc.o
 .comment       0x00000000       0x71 ..\obj\stm32f4xx_adc.o
 .comment       0x00000000       0x71 ..\obj\stm32_ub_spi1.o
 .comment       0x00000000       0x71 ..\obj\SRC_route.o
 .comment       0x00000000       0x71 ..\obj\usbd_desc.o
 .comment       0x00000000       0x71 ..\obj\my_standard_io_ver_2.o
 .comment       0x00000000       0x71 ..\obj\my_robot_config.o
 .comment       0x00000000       0x71 ..\obj\usb_communication.o
 .comment       0x00000000       0x71 ..\obj\stm32f4xx_gpio.o
 .comment       0x00000000       0x71 ..\obj\usbd_cdc_vcp.o
 .comment       0x00000000       0x71 ..\obj\my_time.o
 .comment       0x00000000       0x71 ..\obj\system_stm32f4xx.o
 .comment       0x00000000       0x71 ..\obj\stm32f4xx_dma.o
 .comment       0x00000000       0x71 ..\obj\usb_bsp.o
 .comment       0x00000000       0x71 ..\obj\usbd_req.o
 .comment       0x00000000       0x71 ..\obj\usb_dcd_int.o
 .comment       0x00000000       0x71 ..\obj\usbd_cdc_core.o
 .comment       0x00000000       0x71 ..\obj\init_system_stm32f4.o
 .comment       0x00000000       0x71 ..\obj\stm32f4xx_spi.o
 .comment       0x00000000       0x71 ..\obj\stm32f4xx_exti.o
 .comment       0x00000000       0x71 ..\obj\misc.o
 .comment       0x00000000       0x71 ..\obj\usb_dcd.o
 .comment       0x00000000       0x71 ..\obj\usbd_ioreq.o
 .comment       0x00000000       0x71 ..\obj\robot_function.o
 .comment       0x00000000       0x71 ..\obj\stm32f4xx_tim.o
 .comment       0x00000000       0x71 ..\obj\my_calculation_function.o
 .comment       0x00000000       0x71 ..\obj\stm32_ub_lis302dl.o

.ARM.attributes
                0x00000000       0x33
 .ARM.attributes
                0x00000000       0x33 ..\obj\usb_core.o
 .ARM.attributes
                0x00000033       0x33 ..\obj\usbd_usr.o
 .ARM.attributes
                0x00000066       0x33 ..\obj\stm32f4xx_usart.o
 .ARM.attributes
                0x00000099       0x33 ..\obj\startup_stm32f4xx.o
 .ARM.attributes
                0x000000cc       0x33 ..\obj\usbd_core.o
 .ARM.attributes
                0x000000ff       0x33 ..\obj\main.o
 .ARM.attributes
                0x00000132       0x33 ..\obj\stm32f4xx_rcc.o
 .ARM.attributes
                0x00000165       0x33 ..\obj\stm32f4xx_adc.o
 .ARM.attributes
                0x00000198       0x33 ..\obj\stm32_ub_spi1.o
 .ARM.attributes
                0x000001cb       0x33 ..\obj\SRC_route.o
 .ARM.attributes
                0x000001fe       0x33 ..\obj\usbd_desc.o
 .ARM.attributes
                0x00000231       0x33 ..\obj\my_standard_io_ver_2.o
 .ARM.attributes
                0x00000264       0x33 ..\obj\my_robot_config.o
 .ARM.attributes
                0x00000297       0x33 ..\obj\usb_communication.o
 .ARM.attributes
                0x000002ca       0x33 ..\obj\stm32f4xx_gpio.o
 .ARM.attributes
                0x000002fd       0x33 ..\obj\usbd_cdc_vcp.o
 .ARM.attributes
                0x00000330       0x33 ..\obj\my_time.o
 .ARM.attributes
                0x00000363       0x33 ..\obj\system_stm32f4xx.o
 .ARM.attributes
                0x00000396       0x33 ..\obj\stm32f4xx_dma.o
 .ARM.attributes
                0x000003c9       0x33 ..\obj\usb_bsp.o
 .ARM.attributes
                0x000003fc       0x33 ..\obj\usbd_req.o
 .ARM.attributes
                0x0000042f       0x33 ..\obj\usb_dcd_int.o
 .ARM.attributes
                0x00000462       0x33 ..\obj\usbd_cdc_core.o
 .ARM.attributes
                0x00000495       0x33 ..\obj\init_system_stm32f4.o
 .ARM.attributes
                0x000004c8       0x33 ..\obj\stm32f4xx_spi.o
 .ARM.attributes
                0x000004fb       0x33 ..\obj\stm32f4xx_exti.o
 .ARM.attributes
                0x0000052e       0x33 ..\obj\misc.o
 .ARM.attributes
                0x00000561       0x33 ..\obj\usb_dcd.o
 .ARM.attributes
                0x00000594       0x33 ..\obj\usbd_ioreq.o
 .ARM.attributes
                0x000005c7       0x33 ..\obj\robot_function.o
 .ARM.attributes
                0x000005fa       0x33 ..\obj\stm32f4xx_tim.o
 .ARM.attributes
                0x0000062d       0x33 ..\obj\my_calculation_function.o
 .ARM.attributes
                0x00000660       0x33 ..\obj\stm32_ub_lis302dl.o
 .ARM.attributes
                0x00000693       0x2e c:/program files (x86)/gnu tools arm embedded/4.8 2014q2/bin/../lib/gcc/arm-none-eabi/4.8.4/../../../../arm-none-eabi/lib/armv7e-m\libm.a(lib_a-s_cos.o)
 .ARM.attributes
                0x000006c1       0x2e c:/program files (x86)/gnu tools arm embedded/4.8 2014q2/bin/../lib/gcc/arm-none-eabi/4.8.4/../../../../arm-none-eabi/lib/armv7e-m\libm.a(lib_a-s_sin.o)
 .ARM.attributes
                0x000006ef       0x2e c:/program files (x86)/gnu tools arm embedded/4.8 2014q2/bin/../lib/gcc/arm-none-eabi/4.8.4/../../../../arm-none-eabi/lib/armv7e-m\libm.a(lib_a-w_atan2.o)
 .ARM.attributes
                0x0000071d       0x2e c:/program files (x86)/gnu tools arm embedded/4.8 2014q2/bin/../lib/gcc/arm-none-eabi/4.8.4/../../../../arm-none-eabi/lib/armv7e-m\libm.a(lib_a-w_pow.o)
 .ARM.attributes
                0x0000074b       0x2e c:/program files (x86)/gnu tools arm embedded/4.8 2014q2/bin/../lib/gcc/arm-none-eabi/4.8.4/../../../../arm-none-eabi/lib/armv7e-m\libm.a(lib_a-e_atan2.o)
 .ARM.attributes
                0x00000779       0x2e c:/program files (x86)/gnu tools arm embedded/4.8 2014q2/bin/../lib/gcc/arm-none-eabi/4.8.4/../../../../arm-none-eabi/lib/armv7e-m\libm.a(lib_a-e_pow.o)
 .ARM.attributes
                0x000007a7       0x2e c:/program files (x86)/gnu tools arm embedded/4.8 2014q2/bin/../lib/gcc/arm-none-eabi/4.8.4/../../../../arm-none-eabi/lib/armv7e-m\libm.a(lib_a-e_rem_pio2.o)
 .ARM.attributes
                0x000007d5       0x2e c:/program files (x86)/gnu tools arm embedded/4.8 2014q2/bin/../lib/gcc/arm-none-eabi/4.8.4/../../../../arm-none-eabi/lib/armv7e-m\libm.a(lib_a-e_sqrt.o)
 .ARM.attributes
                0x00000803       0x2e c:/program files (x86)/gnu tools arm embedded/4.8 2014q2/bin/../lib/gcc/arm-none-eabi/4.8.4/../../../../arm-none-eabi/lib/armv7e-m\libm.a(lib_a-k_cos.o)
 .ARM.attributes
                0x00000831       0x2e c:/program files (x86)/gnu tools arm embedded/4.8 2014q2/bin/../lib/gcc/arm-none-eabi/4.8.4/../../../../arm-none-eabi/lib/armv7e-m\libm.a(lib_a-k_rem_pio2.o)
 .ARM.attributes
                0x0000085f       0x2e c:/program files (x86)/gnu tools arm embedded/4.8 2014q2/bin/../lib/gcc/arm-none-eabi/4.8.4/../../../../arm-none-eabi/lib/armv7e-m\libm.a(lib_a-k_sin.o)
 .ARM.attributes
                0x0000088d       0x2e c:/program files (x86)/gnu tools arm embedded/4.8 2014q2/bin/../lib/gcc/arm-none-eabi/4.8.4/../../../../arm-none-eabi/lib/armv7e-m\libm.a(lib_a-s_atan.o)
 .ARM.attributes
                0x000008bb       0x2e c:/program files (x86)/gnu tools arm embedded/4.8 2014q2/bin/../lib/gcc/arm-none-eabi/4.8.4/../../../../arm-none-eabi/lib/armv7e-m\libm.a(lib_a-s_fabs.o)
 .ARM.attributes
                0x000008e9       0x2e c:/program files (x86)/gnu tools arm embedded/4.8 2014q2/bin/../lib/gcc/arm-none-eabi/4.8.4/../../../../arm-none-eabi/lib/armv7e-m\libm.a(lib_a-s_finite.o)
 .ARM.attributes
                0x00000917       0x2e c:/program files (x86)/gnu tools arm embedded/4.8 2014q2/bin/../lib/gcc/arm-none-eabi/4.8.4/../../../../arm-none-eabi/lib/armv7e-m\libm.a(lib_a-s_floor.o)
 .ARM.attributes
                0x00000945       0x2e c:/program files (x86)/gnu tools arm embedded/4.8 2014q2/bin/../lib/gcc/arm-none-eabi/4.8.4/../../../../arm-none-eabi/lib/armv7e-m\libm.a(lib_a-s_fpclassify.o)
 .ARM.attributes
                0x00000973       0x2e c:/program files (x86)/gnu tools arm embedded/4.8 2014q2/bin/../lib/gcc/arm-none-eabi/4.8.4/../../../../arm-none-eabi/lib/armv7e-m\libm.a(lib_a-s_lib_ver.o)
 .ARM.attributes
                0x000009a1       0x2e c:/program files (x86)/gnu tools arm embedded/4.8 2014q2/bin/../lib/gcc/arm-none-eabi/4.8.4/../../../../arm-none-eabi/lib/armv7e-m\libm.a(lib_a-s_matherr.o)
 .ARM.attributes
                0x000009cf       0x2e c:/program files (x86)/gnu tools arm embedded/4.8 2014q2/bin/../lib/gcc/arm-none-eabi/4.8.4/../../../../arm-none-eabi/lib/armv7e-m\libm.a(lib_a-s_nan.o)
 .ARM.attributes
                0x000009fd       0x2e c:/program files (x86)/gnu tools arm embedded/4.8 2014q2/bin/../lib/gcc/arm-none-eabi/4.8.4/../../../../arm-none-eabi/lib/armv7e-m\libm.a(lib_a-s_rint.o)
 .ARM.attributes
                0x00000a2b       0x2e c:/program files (x86)/gnu tools arm embedded/4.8 2014q2/bin/../lib/gcc/arm-none-eabi/4.8.4/../../../../arm-none-eabi/lib/armv7e-m\libm.a(lib_a-s_scalbn.o)
 .ARM.attributes
                0x00000a59       0x2e c:/program files (x86)/gnu tools arm embedded/4.8 2014q2/bin/../lib/gcc/arm-none-eabi/4.8.4/../../../../arm-none-eabi/lib/armv7e-m\libm.a(lib_a-s_copysign.o)
 .ARM.attributes
                0x00000a87       0x1e c:/program files (x86)/gnu tools arm embedded/4.8 2014q2/bin/../lib/gcc/arm-none-eabi/4.8.4/armv7e-m\libgcc.a(_arm_addsubdf3.o)
 .ARM.attributes
                0x00000aa5       0x1e c:/program files (x86)/gnu tools arm embedded/4.8 2014q2/bin/../lib/gcc/arm-none-eabi/4.8.4/armv7e-m\libgcc.a(_arm_muldivdf3.o)
 .ARM.attributes
                0x00000ac3       0x1e c:/program files (x86)/gnu tools arm embedded/4.8 2014q2/bin/../lib/gcc/arm-none-eabi/4.8.4/armv7e-m\libgcc.a(_arm_cmpdf2.o)
 .ARM.attributes
                0x00000ae1       0x1e c:/program files (x86)/gnu tools arm embedded/4.8 2014q2/bin/../lib/gcc/arm-none-eabi/4.8.4/armv7e-m\libgcc.a(_arm_fixdfsi.o)
 .ARM.attributes
                0x00000aff       0x1e c:/program files (x86)/gnu tools arm embedded/4.8 2014q2/bin/../lib/gcc/arm-none-eabi/4.8.4/armv7e-m\libgcc.a(_arm_fixunsdfsi.o)
 .ARM.attributes
                0x00000b1d       0x1e c:/program files (x86)/gnu tools arm embedded/4.8 2014q2/bin/../lib/gcc/arm-none-eabi/4.8.4/armv7e-m\libgcc.a(_arm_truncdfsf2.o)
 .ARM.attributes
                0x00000b3b       0x1e c:/program files (x86)/gnu tools arm embedded/4.8 2014q2/bin/../lib/gcc/arm-none-eabi/4.8.4/armv7e-m\libgcc.a(_arm_addsubsf3.o)
 .ARM.attributes
                0x00000b59       0x1e c:/program files (x86)/gnu tools arm embedded/4.8 2014q2/bin/../lib/gcc/arm-none-eabi/4.8.4/armv7e-m\libgcc.a(_arm_muldivsf3.o)
 .ARM.attributes
                0x00000b77       0x1e c:/program files (x86)/gnu tools arm embedded/4.8 2014q2/bin/../lib/gcc/arm-none-eabi/4.8.4/armv7e-m\libgcc.a(_arm_cmpsf2.o)
 .ARM.attributes
                0x00000b95       0x1e c:/program files (x86)/gnu tools arm embedded/4.8 2014q2/bin/../lib/gcc/arm-none-eabi/4.8.4/armv7e-m\libgcc.a(_arm_fixunssfsi.o)
 .ARM.attributes
                0x00000bb3       0x2e c:/program files (x86)/gnu tools arm embedded/4.8 2014q2/bin/../lib/gcc/arm-none-eabi/4.8.4/../../../../arm-none-eabi/lib/armv7e-m\libc.a(lib_a-errno.o)
 .ARM.attributes
                0x00000be1       0x2e c:/program files (x86)/gnu tools arm embedded/4.8 2014q2/bin/../lib/gcc/arm-none-eabi/4.8.4/../../../../arm-none-eabi/lib/armv7e-m\libc.a(lib_a-impure.o)

.debug_frame    0x00000000     0x4380
 .debug_frame   0x00000000      0x434 ..\obj\usb_core.o
 .debug_frame   0x00000434       0xbc ..\obj\usbd_usr.o
 .debug_frame   0x000004f0      0x344 ..\obj\stm32f4xx_usart.o
 .debug_frame   0x00000834       0x48 ..\obj\startup_stm32f4xx.o
 .debug_frame   0x0000087c      0x1ac ..\obj\usbd_core.o
 .debug_frame   0x00000a28      0x1cc ..\obj\main.o
 .debug_frame   0x00000bf4      0x4d8 ..\obj\stm32f4xx_rcc.o
 .debug_frame   0x000010cc      0x434 ..\obj\stm32f4xx_adc.o
 .debug_frame   0x00001500       0x50 ..\obj\stm32_ub_spi1.o
 .debug_frame   0x00001550      0x130 ..\obj\SRC_route.o
 .debug_frame   0x00001680       0xe8 ..\obj\usbd_desc.o
 .debug_frame   0x00001768      0x1bc ..\obj\my_standard_io_ver_2.o
 .debug_frame   0x00001924       0x60 ..\obj\my_robot_config.o
 .debug_frame   0x00001984      0x170 ..\obj\usb_communication.o
 .debug_frame   0x00001af4      0x19c ..\obj\stm32f4xx_gpio.o
 .debug_frame   0x00001c90      0x144 ..\obj\usbd_cdc_vcp.o
 .debug_frame   0x00001dd4      0x110 ..\obj\my_time.o
 .debug_frame   0x00001ee4       0x64 ..\obj\system_stm32f4xx.o
 .debug_frame   0x00001f48      0x224 ..\obj\stm32f4xx_dma.o
 .debug_frame   0x0000216c       0xc4 ..\obj\usb_bsp.o
 .debug_frame   0x00002230      0x1c8 ..\obj\usbd_req.o
 .debug_frame   0x000023f8      0x1ac ..\obj\usb_dcd_int.o
 .debug_frame   0x000025a4      0x12c ..\obj\usbd_cdc_core.o
 .debug_frame   0x000026d0      0x2c4 ..\obj\init_system_stm32f4.o
 .debug_frame   0x00002994      0x2d0 ..\obj\stm32f4xx_spi.o
 .debug_frame   0x00002c64       0xec ..\obj\stm32f4xx_exti.o
 .debug_frame   0x00002d50       0x9c ..\obj\misc.o
 .debug_frame   0x00002dec      0x1ac ..\obj\usb_dcd.o
 .debug_frame   0x00002f98       0xec ..\obj\usbd_ioreq.o
 .debug_frame   0x00003084      0x27c ..\obj\robot_function.o
 .debug_frame   0x00003300      0xa3c ..\obj\stm32f4xx_tim.o
 .debug_frame   0x00003d3c      0x13c ..\obj\my_calculation_function.o
 .debug_frame   0x00003e78      0x104 ..\obj\stm32_ub_lis302dl.o
 .debug_frame   0x00003f7c       0x30 c:/program files (x86)/gnu tools arm embedded/4.8 2014q2/bin/../lib/gcc/arm-none-eabi/4.8.4/../../../../arm-none-eabi/lib/armv7e-m\libm.a(lib_a-s_cos.o)
 .debug_frame   0x00003fac       0x30 c:/program files (x86)/gnu tools arm embedded/4.8 2014q2/bin/../lib/gcc/arm-none-eabi/4.8.4/../../../../arm-none-eabi/lib/armv7e-m\libm.a(lib_a-s_sin.o)
 .debug_frame   0x00003fdc       0x20 c:/program files (x86)/gnu tools arm embedded/4.8 2014q2/bin/../lib/gcc/arm-none-eabi/4.8.4/../../../../arm-none-eabi/lib/armv7e-m\libm.a(lib_a-w_atan2.o)
 .debug_frame   0x00003ffc       0x38 c:/program files (x86)/gnu tools arm embedded/4.8 2014q2/bin/../lib/gcc/arm-none-eabi/4.8.4/../../../../arm-none-eabi/lib/armv7e-m\libm.a(lib_a-w_pow.o)
 .debug_frame   0x00004034       0x38 c:/program files (x86)/gnu tools arm embedded/4.8 2014q2/bin/../lib/gcc/arm-none-eabi/4.8.4/../../../../arm-none-eabi/lib/armv7e-m\libm.a(lib_a-e_atan2.o)
 .debug_frame   0x0000406c       0x38 c:/program files (x86)/gnu tools arm embedded/4.8 2014q2/bin/../lib/gcc/arm-none-eabi/4.8.4/../../../../arm-none-eabi/lib/armv7e-m\libm.a(lib_a-e_pow.o)
 .debug_frame   0x000040a4       0x38 c:/program files (x86)/gnu tools arm embedded/4.8 2014q2/bin/../lib/gcc/arm-none-eabi/4.8.4/../../../../arm-none-eabi/lib/armv7e-m\libm.a(lib_a-e_rem_pio2.o)
 .debug_frame   0x000040dc       0x34 c:/program files (x86)/gnu tools arm embedded/4.8 2014q2/bin/../lib/gcc/arm-none-eabi/4.8.4/../../../../arm-none-eabi/lib/armv7e-m\libm.a(lib_a-e_sqrt.o)
 .debug_frame   0x00004110       0x38 c:/program files (x86)/gnu tools arm embedded/4.8 2014q2/bin/../lib/gcc/arm-none-eabi/4.8.4/../../../../arm-none-eabi/lib/armv7e-m\libm.a(lib_a-k_cos.o)
 .debug_frame   0x00004148       0x3c c:/program files (x86)/gnu tools arm embedded/4.8 2014q2/bin/../lib/gcc/arm-none-eabi/4.8.4/../../../../arm-none-eabi/lib/armv7e-m\libm.a(lib_a-k_rem_pio2.o)
 .debug_frame   0x00004184       0x38 c:/program files (x86)/gnu tools arm embedded/4.8 2014q2/bin/../lib/gcc/arm-none-eabi/4.8.4/../../../../arm-none-eabi/lib/armv7e-m\libm.a(lib_a-k_sin.o)
 .debug_frame   0x000041bc       0x38 c:/program files (x86)/gnu tools arm embedded/4.8 2014q2/bin/../lib/gcc/arm-none-eabi/4.8.4/../../../../arm-none-eabi/lib/armv7e-m\libm.a(lib_a-s_atan.o)
 .debug_frame   0x000041f4       0x20 c:/program files (x86)/gnu tools arm embedded/4.8 2014q2/bin/../lib/gcc/arm-none-eabi/4.8.4/../../../../arm-none-eabi/lib/armv7e-m\libm.a(lib_a-s_fabs.o)